[detached HEAD 10b7b203] Qualify the combined release tip with main and the P1 repairs
 253 files changed, 12193 insertions(+)
 create mode 100644 deployments/release-repair-20260918/README.md
 create mode 100644 deployments/release-repair-20260918/SHA256SUMS
 create mode 100644 deployments/release-repair-20260918/ci-observation.json
 create mode 100644 deployments/release-repair-20260918/ci-source-rust-run.json
 create mode 100644 deployments/release-repair-20260918/history-run.json
 create mode 100644 deployments/release-repair-20260918/history/final-candidate-on-rollback-validator-0.stderr.log
 create mode 100644 deployments/release-repair-20260918/history/final-candidate-on-rollback-validator-0.stdout.json
 create mode 100644 deployments/release-repair-20260918/history/fresh-v2-validator-0.stderr.log
 create mode 100644 deployments/release-repair-20260918/history/fresh-v2-validator-0.stdout.json
 create mode 100644 deployments/release-repair-20260918/history/old-binary-checkpoint-0.stderr.log
 create mode 100644 deployments/release-repair-20260918/history/old-binary-checkpoint-0.stdout.json
 create mode 100644 deployments/release-repair-20260918/history/old-binary-checkpoint-1.stderr.log
 create mode 100644 deployments/release-repair-20260918/history/old-binary-checkpoint-1.stdout.json
 create mode 100644 deployments/release-repair-20260918/history/old-binary-checkpoint-2.stderr.log
 create mode 100644 deployments/release-repair-20260918/history/old-binary-checkpoint-2.stdout.json
 create mode 100644 deployments/release-repair-20260918/history/old-binary-checkpoint-3.stderr.log
 create mode 100644 deployments/release-repair-20260918/history/old-binary-checkpoint-3.stdout.json
 create mode 100644 deployments/release-repair-20260918/history/old-binary-checkpoint-4.stderr.log
 create mode 100644 deployments/release-repair-20260918/history/old-binary-checkpoint-4.stdout.json
 create mode 100644 deployments/release-repair-20260918/history/old-binary-checkpoint-5.stderr.log
 create mode 100644 deployments/release-repair-20260918/history/old-binary-checkpoint-5.stdout.json
 create mode 100644 deployments/release-repair-20260918/history/original-validator-0.stderr.log
 create mode 100644 deployments/release-repair-20260918/history/original-validator-0.stdout.json
 create mode 100644 deployments/release-repair-20260918/history/original-validator-1.stderr.log
 create mode 100644 deployments/release-repair-20260918/history/original-validator-1.stdout.json
 create mode 100644 deployments/release-repair-20260918/history/original-validator-2.stderr.log
 create mode 100644 deployments/release-repair-20260918/history/original-validator-2.stdout.json
 create mode 100644 deployments/release-repair-20260918/history/original-validator-3.stderr.log
 create mode 100644 deployments/release-repair-20260918/history/original-validator-3.stdout.json
 create mode 100644 deployments/release-repair-20260918/history/original-validator-4.stderr.log
 create mode 100644 deployments/release-repair-20260918/history/original-validator-4.stdout.json
 create mode 100644 deployments/release-repair-20260918/history/original-validator-5.stderr.log
 create mode 100644 deployments/release-repair-20260918/history/original-validator-5.stdout.json
 create mode 100644 deployments/release-repair-20260918/history/post-v2-validator-0.stderr.log
 create mode 100644 deployments/release-repair-20260918/history/post-v2-validator-0.stdout.json
 create mode 100644 deployments/release-repair-20260918/history/post-v2-validator-1.stderr.log
 create mode 100644 deployments/release-repair-20260918/history/post-v2-validator-1.stdout.json
 create mode 100644 deployments/release-repair-20260918/history/post-v2-validator-2.stderr.log
 create mode 100644 deployments/release-repair-20260918/history/post-v2-validator-2.stdout.json
 create mode 100644 deployments/release-repair-20260918/history/post-v2-validator-3.stderr.log
 create mode 100644 deployments/release-repair-20260918/history/post-v2-validator-3.stdout.json
 create mode 100644 deployments/release-repair-20260918/history/post-v2-validator-4.stderr.log
 create mode 100644 deployments/release-repair-20260918/history/post-v2-validator-4.stdout.json
 create mode 100644 deployments/release-repair-20260918/history/post-v2-validator-5.stderr.log
 create mode 100644 deployments/release-repair-20260918/history/post-v2-validator-5.stdout.json
 create mode 100644 deployments/release-repair-20260918/logs/build-driver.log
 create mode 100644 deployments/release-repair-20260918/logs/checkpoint-secret-scan.stderr
 create mode 100644 deployments/release-repair-20260918/logs/checkpoint-secret-scan.stdout
 create mode 100644 deployments/release-repair-20260918/logs/fastpay-execution.stderr
 create mode 100644 deployments/release-repair-20260918/logs/fastpay-execution.stdout
 create mode 100644 deployments/release-repair-20260918/logs/fastpay-types.stderr
 create mode 100644 deployments/release-repair-20260918/logs/fastpay-types.stdout
 create mode 100644 deployments/release-repair-20260918/logs/final-candidate-on-rollback-validator-0.stderr
 create mode 100644 deployments/release-repair-20260918/logs/final-candidate-on-rollback-validator-0.stdout
 create mode 100644 deployments/release-repair-20260918/logs/format.stderr
 create mode 100644 deployments/release-repair-20260918/logs/format.stdout
 create mode 100644 deployments/release-repair-20260918/logs/fresh-driver.log
 create mode 100644 deployments/release-repair-20260918/logs/fresh-v2-validator-0.stderr
 create mode 100644 deployments/release-repair-20260918/logs/fresh-v2-validator-0.stdout
 create mode 100644 deployments/release-repair-20260918/logs/governance-gate.stderr
 create mode 100644 deployments/release-repair-20260918/logs/governance-gate.stdout
 create mode 100644 deployments/release-repair-20260918/logs/governance-prepare.stderr
 create mode 100644 deployments/release-repair-20260918/logs/governance-prepare.stdout
 create mode 100644 deployments/release-repair-20260918/logs/history-driver.log
 create mode 100644 deployments/release-repair-20260918/logs/live-replay-supply.stderr
 create mode 100644 deployments/release-repair-20260918/logs/live-replay-supply.stdout
 create mode 100644 deployments/release-repair-20260918/logs/node-build-1.stderr
 create mode 100644 deployments/release-repair-20260918/logs/node-build-1.stdout
 create mode 100644 deployments/release-repair-20260918/logs/node-build-2.stderr
 create mode 100644 deployments/release-repair-20260918/logs/node-build-2.stdout
 create mode 100644 deployments/release-repair-20260918/logs/node-fastpay.stderr
 create mode 100644 deployments/release-repair-20260918/logs/node-fastpay.stdout
 create mode 100644 deployments/release-repair-20260918/logs/node-reproducibility.stderr
 create mode 100644 deployments/release-repair-20260918/logs/node-reproducibility.stdout
 create mode 100644 deployments/release-repair-20260918/logs/old-binary-checkpoint-0.stderr
 create mode 100644 deployments/release-repair-20260918/logs/old-binary-checkpoint-0.stdout
 create mode 100644 deployments/release-repair-20260918/logs/old-binary-checkpoint-1.stderr
 create mode 100644 deployments/release-repair-20260918/logs/old-binary-checkpoint-1.stdout
 create mode 100644 deployments/release-repair-20260918/logs/old-binary-checkpoint-2.stderr
 create mode 100644 deployments/release-repair-20260918/logs/old-binary-checkpoint-2.stdout
 create mode 100644 deployments/release-repair-20260918/logs/old-binary-checkpoint-3.stderr
 create mode 100644 deployments/release-repair-20260918/logs/old-binary-checkpoint-3.stdout
 create mode 100644 deployments/release-repair-20260918/logs/old-binary-checkpoint-4.stderr
 create mode 100644 deployments/release-repair-20260918/logs/old-binary-checkpoint-4.stdout
 create mode 100644 deployments/release-repair-20260918/logs/old-binary-checkpoint-5.stderr
 create mode 100644 deployments/release-repair-20260918/logs/old-binary-checkpoint-5.stdout
 create mode 100644 deployments/release-repair-20260918/logs/old-binary-services-validator-0.rpc.stderr.log
 create mode 100644 deployments/release-repair-20260918/logs/old-binary-services-validator-0.rpc.stdout.log
 create mode 100644 deployments/release-repair-20260918/logs/old-binary-services-validator-0.transport.stderr.log
 create mode 100644 deployments/release-repair-20260918/logs/old-binary-services-validator-0.transport.stdout.log
 create mode 100644 deployments/release-repair-20260918/logs/old-binary-services-validator-1.rpc.stderr.log
 create mode 100644 deployments/release-repair-20260918/logs/old-binary-services-validator-1.rpc.stdout.log
 create mode 100644 deployments/release-repair-20260918/logs/old-binary-services-validator-1.transport.stderr.log
 create mode 100644 deployments/release-repair-20260918/logs/old-binary-services-validator-1.transport.stdout.log
 create mode 100644 deployments/release-repair-20260918/logs/old-binary-services-validator-2.rpc.stderr.log
 create mode 100644 deployments/release-repair-20260918/logs/old-binary-services-validator-2.rpc.stdout.log
 create mode 100644 deployments/release-repair-20260918/logs/old-binary-services-validator-2.transport.stderr.log
 create mode 100644 deployments/release-repair-20260918/logs/old-binary-services-validator-2.transport.stdout.log
 create mode 100644 deployments/release-repair-20260918/logs/old-binary-services-validator-3.rpc.stderr.log
 create mode 100644 deployments/release-repair-20260918/logs/old-binary-services-validator-3.rpc.stdout.log
 create mode 100644 deployments/release-repair-20260918/logs/old-binary-services-validator-3.transport.stderr.log
 create mode 100644 deployments/release-repair-20260918/logs/old-binary-services-validator-3.transport.stdout.log
 create mode 100644 deployments/release-repair-20260918/logs/old-binary-services-validator-4.rpc.stderr.log
 create mode 100644 deployments/release-repair-20260918/logs/old-binary-services-validator-4.rpc.stdout.log
 create mode 100644 deployments/release-repair-20260918/logs/old-binary-services-validator-4.transport.stderr.log
 create mode 100644 deployments/release-repair-20260918/logs/old-binary-services-validator-4.transport.stdout.log
 create mode 100644 deployments/release-repair-20260918/logs/old-binary-services-validator-5.rpc.stderr.log
 create mode 100644 deployments/release-repair-20260918/logs/old-binary-services-validator-5.rpc.stdout.log
 create mode 100644 deployments/release-repair-20260918/logs/old-binary-services-validator-5.transport.stderr.log
 create mode 100644 deployments/release-repair-20260918/logs/old-binary-services-validator-5.transport.stdout.log
 create mode 100644 deployments/release-repair-20260918/logs/original-validator-0.stderr
 create mode 100644 deployments/release-repair-20260918/logs/original-validator-0.stdout
 create mode 100644 deployments/release-repair-20260918/logs/original-validator-1.stderr
 create mode 100644 deployments/release-repair-20260918/logs/original-validator-1.stdout
 create mode 100644 deployments/release-repair-20260918/logs/original-validator-2.stderr
 create mode 100644 deployments/release-repair-20260918/logs/original-validator-2.stdout
 create mode 100644 deployments/release-repair-20260918/logs/original-validator-3.stderr
 create mode 100644 deployments/release-repair-20260918/logs/original-validator-3.stdout
 create mode 100644 deployments/release-repair-20260918/logs/original-validator-4.stderr
 create mode 100644 deployments/release-repair-20260918/logs/original-validator-4.stdout
 create mode 100644 deployments/release-repair-20260918/logs/original-validator-5.stderr
 create mode 100644 deployments/release-repair-20260918/logs/original-validator-5.stdout
 create mode 100644 deployments/release-repair-20260918/logs/post-v2-validator-0.stderr
 create mode 100644 deployments/release-repair-20260918/logs/post-v2-validator-0.stdout
 create mode 100644 deployments/release-repair-20260918/logs/post-v2-validator-1.stderr
 create mode 100644 deployments/release-repair-20260918/logs/post-v2-validator-1.stdout
 create mode 100644 deployments/release-repair-20260918/logs/post-v2-validator-2.stderr
 create mode 100644 deployments/release-repair-20260918/logs/post-v2-validator-2.stdout
 create mode 100644 deployments/release-repair-20260918/logs/post-v2-validator-3.stderr
 create mode 100644 deployments/release-repair-20260918/logs/post-v2-validator-3.stdout
 create mode 100644 deployments/release-repair-20260918/logs/post-v2-validator-4.stderr
 create mode 100644 deployments/release-repair-20260918/logs/post-v2-validator-4.stdout
 create mode 100644 deployments/release-repair-20260918/logs/post-v2-validator-5.stderr
 create mode 100644 deployments/release-repair-20260918/logs/post-v2-validator-5.stdout
 create mode 100644 deployments/release-repair-20260918/logs/prepare.log
 create mode 100644 deployments/release-repair-20260918/logs/proof-input-inventory.stderr
 create mode 100644 deployments/release-repair-20260918/logs/proof-input-inventory.stdout
 create mode 100644 deployments/release-repair-20260918/logs/public-doc-links.stderr
 create mode 100644 deployments/release-repair-20260918/logs/public-doc-links.stdout
 create mode 100644 deployments/release-repair-20260918/logs/public-secret-scan.stderr
 create mode 100644 deployments/release-repair-20260918/logs/public-secret-scan.stdout
 create mode 100644 deployments/release-repair-20260918/logs/publication-driver.log
 create mode 100644 deployments/release-repair-20260918/logs/rollback-services.stderr
 create mode 100644 deployments/release-repair-20260918/logs/rollback-services.stdout
 create mode 100644 deployments/release-repair-20260918/logs/sequence.log
 create mode 100644 deployments/release-repair-20260918/logs/strict-docs.stderr
 create mode 100644 deployments/release-repair-20260918/logs/strict-docs.stdout
 create mode 100644 deployments/release-repair-20260918/logs/v2-services-validator-0.rpc.stderr.log
 create mode 100644 deployments/release-repair-20260918/logs/v2-services-validator-0.rpc.stdout.log
 create mode 100644 deployments/release-repair-20260918/logs/v2-services-validator-0.transport.stderr.log
 create mode 100644 deployments/release-repair-20260918/logs/v2-services-validator-0.transport.stdout.log
 create mode 100644 deployments/release-repair-20260918/logs/v2-services-validator-1.rpc.stderr.log
 create mode 100644 deployments/release-repair-20260918/logs/v2-services-validator-1.rpc.stdout.log
 create mode 100644 deployments/release-repair-20260918/logs/v2-services-validator-1.transport.stderr.log
 create mode 100644 deployments/release-repair-20260918/logs/v2-services-validator-1.transport.stdout.log
 create mode 100644 deployments/release-repair-20260918/logs/v2-services-validator-2.rpc.stderr.log
 create mode 100644 deployments/release-repair-20260918/logs/v2-services-validator-2.rpc.stdout.log
 create mode 100644 deployments/release-repair-20260918/logs/v2-services-validator-2.transport.stderr.log
 create mode 100644 deployments/release-repair-20260918/logs/v2-services-validator-2.transport.stdout.log
 create mode 100644 deployments/release-repair-20260918/logs/v2-services-validator-3.rpc.stderr.log
 create mode 100644 deployments/release-repair-20260918/logs/v2-services-validator-3.rpc.stdout.log
 create mode 100644 deployments/release-repair-20260918/logs/v2-services-validator-3.transport.stderr.log
 create mode 100644 deployments/release-repair-20260918/logs/v2-services-validator-3.transport.stdout.log
 create mode 100644 deployments/release-repair-20260918/logs/v2-services-validator-4.rpc.stderr.log
 create mode 100644 deployments/release-repair-20260918/logs/v2-services-validator-4.rpc.stdout.log
 create mode 100644 deployments/release-repair-20260918/logs/v2-services-validator-4.transport.stderr.log
 create mode 100644 deployments/release-repair-20260918/logs/v2-services-validator-4.transport.stdout.log
 create mode 100644 deployments/release-repair-20260918/logs/v2-services-validator-5.rpc.stderr.log
 create mode 100644 deployments/release-repair-20260918/logs/v2-services-validator-5.rpc.stdout.log
 create mode 100644 deployments/release-repair-20260918/logs/v2-services-validator-5.transport.stderr.log
 create mode 100644 deployments/release-repair-20260918/logs/v2-services-validator-5.transport.stdout.log
 create mode 100644 deployments/release-repair-20260918/logs/warm-latency.stderr
 create mode 100644 deployments/release-repair-20260918/logs/warm-latency.stdout
 create mode 100644 deployments/release-repair-20260918/logs/workspace-check.stderr
 create mode 100644 deployments/release-repair-20260918/logs/workspace-check.stdout
 create mode 100644 deployments/release-repair-20260918/logs/workspace-clippy.stderr
 create mode 100644 deployments/release-repair-20260918/logs/workspace-clippy.stdout
 create mode 100644 deployments/release-repair-20260918/node-builds.json
 create mode 100644 deployments/release-repair-20260918/old-binary-service-receipt.json
 create mode 100644 deployments/release-repair-20260918/operational-complete.json
 create mode 100644 deployments/release-repair-20260918/preparation.json
 create mode 100644 deployments/release-repair-20260918/publication-gates.json
 create mode 100644 deployments/release-repair-20260918/qualification.json
 create mode 100644 deployments/release-repair-20260918/receipts/checkpoint-secret-scan.json
 create mode 100644 deployments/release-repair-20260918/receipts/fastpay-execution.json
 create mode 100644 deployments/release-repair-20260918/receipts/fastpay-types.json
 create mode 100644 deployments/release-repair-20260918/receipts/final-candidate-on-rollback-validator-0.json
 create mode 100644 deployments/release-repair-20260918/receipts/format.json
 create mode 100644 deployments/release-repair-20260918/receipts/fresh-v2-validator-0.json
 create mode 100644 deployments/release-repair-20260918/receipts/governance-assemble.json
 create mode 100644 deployments/release-repair-20260918/receipts/governance-batch.json
 create mode 100644 deployments/release-repair-20260918/receipts/governance-create.json
 create mode 100644 deployments/release-repair-20260918/receipts/governance-gate.json
 create mode 100644 deployments/release-repair-20260918/receipts/governance-prepare.json
 create mode 100644 deployments/release-repair-20260918/receipts/governance-sign-0.json
 create mode 100644 deployments/release-repair-20260918/receipts/governance-sign-1.json
 create mode 100644 deployments/release-repair-20260918/receipts/governance-sign-2.json
 create mode 100644 deployments/release-repair-20260918/receipts/governance-sign-3.json
 create mode 100644 deployments/release-repair-20260918/receipts/governance-sign-4.json
 create mode 100644 deployments/release-repair-20260918/receipts/governance-sign-5.json
 create mode 100644 deployments/release-repair-20260918/receipts/live-replay-supply.json
 create mode 100644 deployments/release-repair-20260918/receipts/node-build-1.json
 create mode 100644 deployments/release-repair-20260918/receipts/node-build-2.json
 create mode 100644 deployments/release-repair-20260918/receipts/node-fastpay.json
 create mode 100644 deployments/release-repair-20260918/receipts/node-reproducibility.json
 create mode 100644 deployments/release-repair-20260918/receipts/old-binary-checkpoint-0.json
 create mode 100644 deployments/release-repair-20260918/receipts/old-binary-checkpoint-1.json
 create mode 100644 deployments/release-repair-20260918/receipts/old-binary-checkpoint-2.json
 create mode 100644 deployments/release-repair-20260918/receipts/old-binary-checkpoint-3.json
 create mode 100644 deployments/release-repair-20260918/receipts/old-binary-checkpoint-4.json
 create mode 100644 deployments/release-repair-20260918/receipts/old-binary-checkpoint-5.json
 create mode 100644 deployments/release-repair-20260918/receipts/original-validator-0.json
 create mode 100644 deployments/release-repair-20260918/receipts/original-validator-1.json
 create mode 100644 deployments/release-repair-20260918/receipts/original-validator-2.json
 create mode 100644 deployments/release-repair-20260918/receipts/original-validator-3.json
 create mode 100644 deployments/release-repair-20260918/receipts/original-validator-4.json
 create mode 100644 deployments/release-repair-20260918/receipts/original-validator-5.json
 create mode 100644 deployments/release-repair-20260918/receipts/post-v2-validator-0.json
 create mode 100644 deployments/release-repair-20260918/receipts/post-v2-validator-1.json
 create mode 100644 deployments/release-repair-20260918/receipts/post-v2-validator-2.json
 create mode 100644 deployments/release-repair-20260918/receipts/post-v2-validator-3.json
 create mode 100644 deployments/release-repair-20260918/receipts/post-v2-validator-4.json
 create mode 100644 deployments/release-repair-20260918/receipts/post-v2-validator-5.json
 create mode 100644 deployments/release-repair-20260918/receipts/proof-input-inventory.json
 create mode 100644 deployments/release-repair-20260918/receipts/public-doc-links.json
 create mode 100644 deployments/release-repair-20260918/receipts/public-secret-scan.json
 create mode 100644 deployments/release-repair-20260918/receipts/relocation-post-v2-validator-0.json
 create mode 100644 deployments/release-repair-20260918/receipts/relocation-post-v2-validator-1.json
 create mode 100644 deployments/release-repair-20260918/receipts/relocation-post-v2-validator-2.json
 create mode 100644 deployments/release-repair-20260918/receipts/relocation-post-v2-validator-3.json
 create mode 100644 deployments/release-repair-20260918/receipts/relocation-post-v2-validator-4.json
 create mode 100644 deployments/release-repair-20260918/receipts/relocation-post-v2-validator-5.json
 create mode 100644 deployments/release-repair-20260918/receipts/relocation-rollback-validator-0.json
 create mode 100644 deployments/release-repair-20260918/receipts/relocation-rollback-validator-1.json
 create mode 100644 deployments/release-repair-20260918/receipts/relocation-rollback-validator-2.json
 create mode 100644 deployments/release-repair-20260918/receipts/relocation-rollback-validator-3.json
 create mode 100644 deployments/release-repair-20260918/receipts/relocation-rollback-validator-4.json
 create mode 100644 deployments/release-repair-20260918/receipts/relocation-rollback-validator-5.json
 create mode 100644 deployments/release-repair-20260918/receipts/relocation-working-validator-0.json
 create mode 100644 deployments/release-repair-20260918/receipts/relocation-working-validator-1.json
 create mode 100644 deployments/release-repair-20260918/receipts/relocation-working-validator-2.json
 create mode 100644 deployments/release-repair-20260918/receipts/relocation-working-validator-3.json
 create mode 100644 deployments/release-repair-20260918/receipts/relocation-working-validator-4.json
 create mode 100644 deployments/release-repair-20260918/receipts/relocation-working-validator-5.json
 create mode 100644 deployments/release-repair-20260918/receipts/rollback-services.json
 create mode 100644 deployments/release-repair-20260918/receipts/strict-docs.json
 create mode 100644 deployments/release-repair-20260918/receipts/warm-latency.json
 create mode 100644 deployments/release-repair-20260918/receipts/workspace-check.json
 create mode 100644 deployments/release-repair-20260918/receipts/workspace-clippy.json
 create mode 100644 deployments/release-repair-20260918/sequence-complete.json
 create mode 100644 deployments/release-repair-20260918/software-gates.json
 create mode 100644 deployments/release-repair-20260918/v2-service-receipt.json
 create mode 100644 deployments/release-repair-20260918/verification-commands.md
