$ readelf -d /home/postfiatchad/.cache/release-repair-20260918/binaries/candidate-2

Dynamic section at offset 0x331f3f0 contains 27 entries:
  Tag        Type                         Name/Value
 0x000000000000001d (RUNPATH)            Library runpath: [/home/postfiatchad/.cache/release-repair-20260918/build-target-2/release/deps/rustc1yK2Ze/raw-dylibs:/home/postfiatchad/.cache/release-repair-20260918/build-target-2/release/build/blake3-7fe4c087f850546f/out:/home/postfiatchad/.rustup/toolchains/1.95.0-x86_64-unknown-linux-gnu/lib/rustlib/x86_64-unknown-linux-gnu/lib]
 0x0000000000000001 (NEEDED)             Shared library: [libm.so.6]
 0x0000000000000001 (NEEDED)             Shared library: [libc.so.6]
 0x0000000000000001 (NEEDED)             Shared library: [ld-linux-x86-64.so.2]
 0x000000000000001e (FLAGS)              BIND_NOW
 0x000000006ffffffb (FLAGS_1)            Flags: NOW PIE
 0x0000000000000015 (DEBUG)              0x0
 0x0000000000000007 (RELA)               0x2300
 0x0000000000000008 (RELASZ)             565488 (bytes)
 0x0000000000000009 (RELAENT)            24 (bytes)
 0x000000006ffffff9 (RELACOUNT)          23415
 0x0000000000000017 (JMPREL)             0x8c3f0
 0x0000000000000002 (PLTRELSZ)           336 (bytes)
 0x0000000000000003 (PLTGOT)             0x33298f0
 0x0000000000000014 (PLTREL)             RELA
 0x0000000000000006 (SYMTAB)             0x320
 0x000000000000000b (SYMENT)             24 (bytes)
 0x0000000000000005 (STRTAB)             0x19c4
 0x000000000000000a (STRSZ)              2362 (bytes)
 0x000000006ffffef5 (GNU_HASH)           0x14b8
 0x0000000000000004 (HASH)               0x14d4
 0x0000000000000019 (INIT_ARRAY)         0x33213e8
 0x000000000000001b (INIT_ARRAYSZ)       8 (bytes)
 0x000000006ffffff0 (VERSYM)             0x11d8
 0x000000006ffffffe (VERNEED)            0x1314
 0x000000006fffffff (VERNEEDNUM)         3
 0x0000000000000000 (NULL)               0x0
