   Compiling proc-macro2 v1.0.106
   Compiling quote v1.0.45
   Compiling generic-array v0.14.7
   Compiling serde_core v1.0.228
   Compiling syn v2.0.117
   Compiling serde v1.0.228
   Compiling serde_derive v1.0.228
   Compiling crypto-common v0.1.7
   Compiling block-buffer v0.10.4
   Compiling digest v0.10.7
   Compiling memchr v2.8.0
   Compiling sha2 v0.10.9
   Compiling serde_cbor v0.11.2
   Compiling serde_json v1.0.149
   Compiling postfiat-types v0.1.0 (/tmp/qualify-20260918/crates/types)
    Finished `test` profile [optimized + debuginfo] target(s) in 1m 05s
     Running unittests src/lib.rs (/home/postfiatchad/.cache/release-repair-20260918/test-target/debug/deps/postfiat_types-449a1448f84a1995)

running 9 tests
test fastpay_recovery_type_tests::confirmed_version_fence_commitment_binds_retained_certificate ... ok
test fastpay_recovery_type_tests::historical_v1_committee_root_and_state_bytes_remain_stable ... ok
test fastpay_recovery_type_tests::lock_id_commits_every_recovery_and_value_field ... ok
test fastpay_recovery_type_tests::policy_and_fence_fail_closed_on_unbounded_or_nonmonotonic_state ... ok
test fastpay_recovery_type_tests::recovery_committee_root_binds_both_admission_heights ... ok
test fastpay_recovery_type_tests::recovery_reveal_certificate_mutation_property_changes_committed_bytes ... ok
test fastpay_recovery_type_tests::recovery_reveal_commitment_binds_retained_certificate_signatures ... ok
test fastpay_recovery_type_tests::v2_retained_votes_accept_historical_order_and_reject_duplicates ... ok
test fastpay_recovery_type_tests::recovery_committee_admission_window_property_changes_root_and_rejects_stale_root ... ok

test result: ok. 9 passed; 0 failed; 0 ignored; 0 measured; 140 filtered out; finished in 0.01s

