Warning: can't set `indent_style = Block`, unstable features are only available in nightly channel.
Warning: can't set `wrap_comments = false`, unstable features are only available in nightly channel.
Warning: can't set `format_code_in_doc_comments = true`, unstable features are only available in nightly channel.
Warning: can't set `doc_comment_code_block_width = 100`, unstable features are only available in nightly channel.
Warning: can't set `comment_width = 80`, unstable features are only available in nightly channel.
Warning: can't set `normalize_comments = false`, unstable features are only available in nightly channel.
Warning: can't set `normalize_doc_attributes = false`, unstable features are only available in nightly channel.
Warning: can't set `format_strings = false`, unstable features are only available in nightly channel.
Warning: can't set `format_macro_matchers = false`, unstable features are only available in nightly channel.
Warning: can't set `format_macro_bodies = true`, unstable features are only available in nightly channel.
Warning: can't set `skip_macro_invocations = MacroSelectors([])`, unstable features are only available in nightly channel.
Warning: can't set `hex_literal_case = Preserve`, unstable features are only available in nightly channel.
Warning: can't set `empty_item_single_line = true`, unstable features are only available in nightly channel.
Warning: can't set `struct_lit_single_line = true`, unstable features are only available in nightly channel.
Warning: can't set `fn_single_line = true`, unstable features are only available in nightly channel.
Warning: can't set `where_single_line = false`, unstable features are only available in nightly channel.
Warning: can't set `imports_indent = Block`, unstable features are only available in nightly channel.
Warning: can't set `imports_layout = Mixed`, unstable features are only available in nightly channel.
Warning: can't set `imports_granularity = Preserve`, unstable features are only available in nightly channel.
Warning: can't set `group_imports = Preserve`, unstable features are only available in nightly channel.
Warning: can't set `reorder_impl_items = true`, unstable features are only available in nightly channel.
Warning: can't set `type_punctuation_density = Wide`, unstable features are only available in nightly channel.
Warning: can't set `space_before_colon = false`, unstable features are only available in nightly channel.
Warning: can't set `space_after_colon = true`, unstable features are only available in nightly channel.
Warning: can't set `spaces_around_ranges = false`, unstable features are only available in nightly channel.
Warning: can't set `binop_separator = Front`, unstable features are only available in nightly channel.
Warning: can't set `combine_control_expr = true`, unstable features are only available in nightly channel.
Warning: can't set `overflow_delimited_expr = false`, unstable features are only available in nightly channel.
Warning: can't set `struct_field_align_threshold = 0`, unstable features are only available in nightly channel.
Warning: can't set `enum_discrim_align_threshold = 0`, unstable features are only available in nightly channel.
Warning: can't set `match_arm_blocks = true`, unstable features are only available in nightly channel.
Warning: can't set `force_multiline_blocks = false`, unstable features are only available in nightly channel.
Warning: can't set `brace_style = SameLineWhere`, unstable features are only available in nightly channel.
Warning: can't set `control_brace_style = AlwaysSameLine`, unstable features are only available in nightly channel.
Warning: can't set `trailing_semicolon = true`, unstable features are only available in nightly channel.
Warning: can't set `trailing_comma = Vertical`, unstable features are only available in nightly channel.
Warning: can't set `blank_lines_upper_bound = 2`, unstable features are only available in nightly channel.
Warning: can't set `blank_lines_lower_bound = 0`, unstable features are only available in nightly channel.
Warning: can't set `version = One`, unstable features are only available in nightly channel.
Warning: can't set `inline_attribute_width = 0`, unstable features are only available in nightly channel.
Warning: can't set `format_generated_files = true`, unstable features are only available in nightly channel.
Warning: can't set `condense_wildcard_suffixes = false`, unstable features are only available in nightly channel.
Warning: can't set `color = Auto`, unstable features are only available in nightly channel.
Warning: can't set `required_version = "1.7.1"`, unstable features are only available in nightly channel.
Warning: can't set `unstable_features = false`, unstable features are only available in nightly channel.
Warning: can't set `skip_children = false`, unstable features are only available in nightly channel.
Warning: can't set `show_parse_errors = true`, unstable features are only available in nightly channel.
Warning: can't set `error_on_line_overflow = false`, unstable features are only available in nightly channel.
Warning: can't set `error_on_unformatted = false`, unstable features are only available in nightly channel.
Warning: can't set `ignore = IgnoreList { path_set: {}, rustfmt_toml_path: "" }`, unstable features are only available in nightly channel.
Warning: can't set `emit_mode = Files`, unstable features are only available in nightly channel.
Warning: can't set `make_backup = false`, unstable features are only available in nightly channel.
Warning: can't set `indent_style = Block`, unstable features are only available in nightly channel.
Warning: can't set `wrap_comments = false`, unstable features are only available in nightly channel.
Warning: can't set `format_code_in_doc_comments = true`, unstable features are only available in nightly channel.
Warning: can't set `doc_comment_code_block_width = 100`, unstable features are only available in nightly channel.
Warning: can't set `comment_width = 80`, unstable features are only available in nightly channel.
Warning: can't set `normalize_comments = false`, unstable features are only available in nightly channel.
Warning: can't set `normalize_doc_attributes = false`, unstable features are only available in nightly channel.
Warning: can't set `format_strings = false`, unstable features are only available in nightly channel.
Warning: can't set `format_macro_matchers = false`, unstable features are only available in nightly channel.
Warning: can't set `format_macro_bodies = true`, unstable features are only available in nightly channel.
Warning: can't set `skip_macro_invocations = MacroSelectors([])`, unstable features are only available in nightly channel.
Warning: can't set `hex_literal_case = Preserve`, unstable features are only available in nightly channel.
Warning: can't set `empty_item_single_line = true`, unstable features are only available in nightly channel.
Warning: can't set `struct_lit_single_line = true`, unstable features are only available in nightly channel.
Warning: can't set `fn_single_line = true`, unstable features are only available in nightly channel.
Warning: can't set `where_single_line = false`, unstable features are only available in nightly channel.
Warning: can't set `imports_indent = Block`, unstable features are only available in nightly channel.
Warning: can't set `imports_layout = Mixed`, unstable features are only available in nightly channel.
Warning: can't set `imports_granularity = Preserve`, unstable features are only available in nightly channel.
Warning: can't set `group_imports = Preserve`, unstable features are only available in nightly channel.
Warning: can't set `reorder_impl_items = true`, unstable features are only available in nightly channel.
Warning: can't set `type_punctuation_density = Wide`, unstable features are only available in nightly channel.
Warning: can't set `space_before_colon = false`, unstable features are only available in nightly channel.
Warning: can't set `space_after_colon = true`, unstable features are only available in nightly channel.
Warning: can't set `spaces_around_ranges = false`, unstable features are only available in nightly channel.
Warning: can't set `binop_separator = Front`, unstable features are only available in nightly channel.
Warning: can't set `combine_control_expr = true`, unstable features are only available in nightly channel.
Warning: can't set `overflow_delimited_expr = false`, unstable features are only available in nightly channel.
Warning: can't set `struct_field_align_threshold = 0`, unstable features are only available in nightly channel.
Warning: can't set `enum_discrim_align_threshold = 0`, unstable features are only available in nightly channel.
Warning: can't set `match_arm_blocks = true`, unstable features are only available in nightly channel.
Warning: can't set `force_multiline_blocks = false`, unstable features are only available in nightly channel.
Warning: can't set `brace_style = SameLineWhere`, unstable features are only available in nightly channel.
Warning: can't set `control_brace_style = AlwaysSameLine`, unstable features are only available in nightly channel.
Warning: can't set `trailing_semicolon = true`, unstable features are only available in nightly channel.
Warning: can't set `trailing_comma = Vertical`, unstable features are only available in nightly channel.
Warning: can't set `blank_lines_upper_bound = 2`, unstable features are only available in nightly channel.
Warning: can't set `blank_lines_lower_bound = 0`, unstable features are only available in nightly channel.
Warning: can't set `version = One`, unstable features are only available in nightly channel.
Warning: can't set `inline_attribute_width = 0`, unstable features are only available in nightly channel.
Warning: can't set `format_generated_files = true`, unstable features are only available in nightly channel.
Warning: can't set `condense_wildcard_suffixes = false`, unstable features are only available in nightly channel.
Warning: can't set `color = Auto`, unstable features are only available in nightly channel.
Warning: can't set `required_version = "1.7.1"`, unstable features are only available in nightly channel.
Warning: can't set `unstable_features = false`, unstable features are only available in nightly channel.
Warning: can't set `skip_children = false`, unstable features are only available in nightly channel.
Warning: can't set `show_parse_errors = true`, unstable features are only available in nightly channel.
Warning: can't set `error_on_line_overflow = false`, unstable features are only available in nightly channel.
Warning: can't set `error_on_unformatted = false`, unstable features are only available in nightly channel.
Warning: can't set `ignore = IgnoreList { path_set: {}, rustfmt_toml_path: "" }`, unstable features are only available in nightly channel.
Warning: can't set `emit_mode = Files`, unstable features are only available in nightly channel.
Warning: can't set `make_backup = false`, unstable features are only available in nightly channel.
Warning: can't set `indent_style = Block`, unstable features are only available in nightly channel.
Warning: can't set `wrap_comments = false`, unstable features are only available in nightly channel.
Warning: can't set `format_code_in_doc_comments = true`, unstable features are only available in nightly channel.
Warning: can't set `doc_comment_code_block_width = 100`, unstable features are only available in nightly channel.
Warning: can't set `comment_width = 80`, unstable features are only available in nightly channel.
Warning: can't set `normalize_comments = false`, unstable features are only available in nightly channel.
Warning: can't set `normalize_doc_attributes = false`, unstable features are only available in nightly channel.
Warning: can't set `format_strings = false`, unstable features are only available in nightly channel.
Warning: can't set `format_macro_matchers = false`, unstable features are only available in nightly channel.
Warning: can't set `format_macro_bodies = true`, unstable features are only available in nightly channel.
Warning: can't set `skip_macro_invocations = MacroSelectors([])`, unstable features are only available in nightly channel.
Warning: can't set `hex_literal_case = Preserve`, unstable features are only available in nightly channel.
Warning: can't set `empty_item_single_line = true`, unstable features are only available in nightly channel.
Warning: can't set `struct_lit_single_line = true`, unstable features are only available in nightly channel.
Warning: can't set `fn_single_line = true`, unstable features are only available in nightly channel.
Warning: can't set `where_single_line = false`, unstable features are only available in nightly channel.
Warning: can't set `imports_indent = Block`, unstable features are only available in nightly channel.
Warning: can't set `imports_layout = Mixed`, unstable features are only available in nightly channel.
Warning: can't set `imports_granularity = Preserve`, unstable features are only available in nightly channel.
Warning: can't set `group_imports = Preserve`, unstable features are only available in nightly channel.
Warning: can't set `reorder_impl_items = true`, unstable features are only available in nightly channel.
Warning: can't set `type_punctuation_density = Wide`, unstable features are only available in nightly channel.
Warning: can't set `space_before_colon = false`, unstable features are only available in nightly channel.
Warning: can't set `space_after_colon = true`, unstable features are only available in nightly channel.
Warning: can't set `spaces_around_ranges = false`, unstable features are only available in nightly channel.
Warning: can't set `binop_separator = Front`, unstable features are only available in nightly channel.
Warning: can't set `combine_control_expr = true`, unstable features are only available in nightly channel.
Warning: can't set `overflow_delimited_expr = false`, unstable features are only available in nightly channel.
Warning: can't set `struct_field_align_threshold = 0`, unstable features are only available in nightly channel.
Warning: can't set `enum_discrim_align_threshold = 0`, unstable features are only available in nightly channel.
Warning: can't set `match_arm_blocks = true`, unstable features are only available in nightly channel.
Warning: can't set `force_multiline_blocks = false`, unstable features are only available in nightly channel.
Warning: can't set `brace_style = SameLineWhere`, unstable features are only available in nightly channel.
Warning: can't set `control_brace_style = AlwaysSameLine`, unstable features are only available in nightly channel.
Warning: can't set `trailing_semicolon = true`, unstable features are only available in nightly channel.
Warning: can't set `trailing_comma = Vertical`, unstable features are only available in nightly channel.
Warning: can't set `blank_lines_upper_bound = 2`, unstable features are only available in nightly channel.
Warning: can't set `blank_lines_lower_bound = 0`, unstable features are only available in nightly channel.
Warning: can't set `version = One`, unstable features are only available in nightly channel.
Warning: can't set `inline_attribute_width = 0`, unstable features are only available in nightly channel.
Warning: can't set `format_generated_files = true`, unstable features are only available in nightly channel.
Warning: can't set `condense_wildcard_suffixes = false`, unstable features are only available in nightly channel.
Warning: can't set `color = Auto`, unstable features are only available in nightly channel.
Warning: can't set `required_version = "1.7.1"`, unstable features are only available in nightly channel.
Warning: can't set `unstable_features = false`, unstable features are only available in nightly channel.
Warning: can't set `skip_children = false`, unstable features are only available in nightly channel.
Warning: can't set `show_parse_errors = true`, unstable features are only available in nightly channel.
Warning: can't set `error_on_line_overflow = false`, unstable features are only available in nightly channel.
Warning: can't set `error_on_unformatted = false`, unstable features are only available in nightly channel.
Warning: can't set `ignore = IgnoreList { path_set: {}, rustfmt_toml_path: "" }`, unstable features are only available in nightly channel.
Warning: can't set `emit_mode = Files`, unstable features are only available in nightly channel.
Warning: can't set `make_backup = false`, unstable features are only available in nightly channel.
Warning: can't set `indent_style = Block`, unstable features are only available in nightly channel.
Warning: can't set `wrap_comments = false`, unstable features are only available in nightly channel.
Warning: can't set `format_code_in_doc_comments = true`, unstable features are only available in nightly channel.
Warning: can't set `doc_comment_code_block_width = 100`, unstable features are only available in nightly channel.
Warning: can't set `comment_width = 80`, unstable features are only available in nightly channel.
Warning: can't set `normalize_comments = false`, unstable features are only available in nightly channel.
Warning: can't set `normalize_doc_attributes = false`, unstable features are only available in nightly channel.
Warning: can't set `format_strings = false`, unstable features are only available in nightly channel.
Warning: can't set `format_macro_matchers = false`, unstable features are only available in nightly channel.
Warning: can't set `format_macro_bodies = true`, unstable features are only available in nightly channel.
Warning: can't set `skip_macro_invocations = MacroSelectors([])`, unstable features are only available in nightly channel.
Warning: can't set `hex_literal_case = Preserve`, unstable features are only available in nightly channel.
Warning: can't set `empty_item_single_line = true`, unstable features are only available in nightly channel.
Warning: can't set `struct_lit_single_line = true`, unstable features are only available in nightly channel.
Warning: can't set `fn_single_line = true`, unstable features are only available in nightly channel.
Warning: can't set `where_single_line = false`, unstable features are only available in nightly channel.
Warning: can't set `imports_indent = Block`, unstable features are only available in nightly channel.
Warning: can't set `imports_layout = Mixed`, unstable features are only available in nightly channel.
Warning: can't set `imports_granularity = Preserve`, unstable features are only available in nightly channel.
Warning: can't set `group_imports = Preserve`, unstable features are only available in nightly channel.
Warning: can't set `reorder_impl_items = true`, unstable features are only available in nightly channel.
Warning: can't set `type_punctuation_density = Wide`, unstable features are only available in nightly channel.
Warning: can't set `space_before_colon = false`, unstable features are only available in nightly channel.
Warning: can't set `space_after_colon = true`, unstable features are only available in nightly channel.
Warning: can't set `spaces_around_ranges = false`, unstable features are only available in nightly channel.
Warning: can't set `binop_separator = Front`, unstable features are only available in nightly channel.
Warning: can't set `combine_control_expr = true`, unstable features are only available in nightly channel.
Warning: can't set `overflow_delimited_expr = false`, unstable features are only available in nightly channel.
Warning: can't set `struct_field_align_threshold = 0`, unstable features are only available in nightly channel.
Warning: can't set `enum_discrim_align_threshold = 0`, unstable features are only available in nightly channel.
Warning: can't set `match_arm_blocks = true`, unstable features are only available in nightly channel.
Warning: can't set `force_multiline_blocks = false`, unstable features are only available in nightly channel.
Warning: can't set `brace_style = SameLineWhere`, unstable features are only available in nightly channel.
Warning: can't set `control_brace_style = AlwaysSameLine`, unstable features are only available in nightly channel.
Warning: can't set `trailing_semicolon = true`, unstable features are only available in nightly channel.
Warning: can't set `trailing_comma = Vertical`, unstable features are only available in nightly channel.
Warning: can't set `blank_lines_upper_bound = 2`, unstable features are only available in nightly channel.
Warning: can't set `blank_lines_lower_bound = 0`, unstable features are only available in nightly channel.
Warning: can't set `version = One`, unstable features are only available in nightly channel.
Warning: can't set `inline_attribute_width = 0`, unstable features are only available in nightly channel.
Warning: can't set `format_generated_files = true`, unstable features are only available in nightly channel.
Warning: can't set `condense_wildcard_suffixes = false`, unstable features are only available in nightly channel.
Warning: can't set `color = Auto`, unstable features are only available in nightly channel.
Warning: can't set `required_version = "1.7.1"`, unstable features are only available in nightly channel.
Warning: can't set `unstable_features = false`, unstable features are only available in nightly channel.
Warning: can't set `skip_children = false`, unstable features are only available in nightly channel.
Warning: can't set `show_parse_errors = true`, unstable features are only available in nightly channel.
Warning: can't set `error_on_line_overflow = false`, unstable features are only available in nightly channel.
Warning: can't set `error_on_unformatted = false`, unstable features are only available in nightly channel.
Warning: can't set `ignore = IgnoreList { path_set: {}, rustfmt_toml_path: "" }`, unstable features are only available in nightly channel.
Warning: can't set `emit_mode = Files`, unstable features are only available in nightly channel.
Warning: can't set `make_backup = false`, unstable features are only available in nightly channel.
