   Compiling fips204 v0.4.6 (/tmp/qualify-20260918/third_party/fips204)
   Compiling postfiat-types v0.1.0 (/tmp/qualify-20260918/crates/types)
   Compiling postfiat-crypto-provider v0.1.0 (/tmp/qualify-20260918/crates/crypto_provider)
   Compiling halo2_proofs v0.3.2 (/tmp/qualify-20260918/third_party/halo2_proofs)
   Compiling postfiat-mempool-dag v0.1.0 (/tmp/qualify-20260918/crates/mempool_dag)
   Compiling halo2_gadgets v0.5.0
   Compiling postfiat-ordering-fast v0.1.0 (/tmp/qualify-20260918/crates/ordering_fast)
   Compiling postfiat-bridge v0.1.0 (/tmp/qualify-20260918/crates/bridge)
   Compiling postfiat-consensus-cobalt v0.1.0 (/tmp/qualify-20260918/crates/consensus_cobalt)
   Compiling postfiat-nav-reserve-protocol v0.1.0 (/tmp/qualify-20260918/crates/nav_reserve_protocol)
   Compiling aes v0.8.4
   Compiling signature v2.2.0
   Compiling visibility v0.1.1
   Compiling orchard v0.14.0
   Compiling ecdsa v0.16.9
   Compiling postfiat-execution v0.1.0 (/tmp/qualify-20260918/crates/execution)
   Compiling postfiat-pfusdc-proofs v0.1.0 (/tmp/qualify-20260918/crates/pfusdc_proofs)
   Compiling postfiat-proofs v0.1.0 (/tmp/qualify-20260918/crates/proofs)
   Compiling postfiat-rpc-sdk v0.1.0 (/tmp/qualify-20260918/crates/rpc_sdk)
   Compiling postfiat-node v0.1.0 (/tmp/qualify-20260918/crates/node)
   Compiling postfiat-privacy v0.1.0 (/tmp/qualify-20260918/crates/privacy)
   Compiling postfiat-storage v0.1.0 (/tmp/qualify-20260918/crates/storage)
   Compiling postfiat-pftl-uniswap-proofs v0.1.0 (/tmp/qualify-20260918/crates/pftl_uniswap_proofs)
   Compiling k256 v0.13.4
   Compiling postfiat-privacy-orchard v0.1.0 (/tmp/qualify-20260918/crates/privacy_orchard)
   Compiling postfiat-network v0.1.0 (/tmp/qualify-20260918/crates/network)
