    Checking cfg-if v1.0.4
   Compiling libc v0.2.186
   Compiling serde_core v1.0.228
    Checking getrandom v0.2.17
    Checking rand_core v0.6.4
   Compiling serde v1.0.228
    Checking subtle v2.6.1
    Checking zeroize v1.8.2
   Compiling num-traits v0.2.19
    Checking once_cell v1.21.4
    Checking pin-project-lite v0.2.17
    Checking typenum v1.20.0
   Compiling zerocopy v0.8.48
   Compiling generic-array v0.14.7
    Checking either v1.15.0
   Compiling crossbeam-utils v0.8.21
    Checking tracing-core v0.1.36
    Checking crypto-common v0.1.7
    Checking memchr v2.8.0
    Checking tracing v0.1.44
   Compiling crossbeam-epoch v0.9.20
    Checking ppv-lite86 v0.2.21
    Checking num-integer v0.1.46
    Checking rand_chacha v0.3.1
    Checking rand v0.8.6
    Checking crossbeam-deque v0.8.6
   Compiling rayon-core v1.13.0
    Checking num-bigint v0.4.6
    Checking rayon v1.12.0
    Checking const-oid v0.9.6
    Checking itertools v0.12.1
    Checking p3-util v0.4.3-succinct
    Checking block-buffer v0.10.4
    Checking digest v0.10.7
    Checking p3-field v0.4.3-succinct
    Checking cpufeatures v0.2.17
    Checking p3-maybe-rayon v0.4.3-succinct
    Checking futures-core v0.3.32
    Checking p3-matrix v0.4.3-succinct
    Checking arrayvec v0.7.6
    Checking bytes v1.12.1
    Checking itoa v1.0.18
    Checking futures-sink v0.3.32
    Checking futures-channel v0.3.32
    Checking slab v0.4.12
    Checking futures-task v0.3.32
    Checking futures-io v0.3.32
    Checking p3-symmetric v0.4.3-succinct
    Checking futures-util v0.3.32
    Checking sha2 v0.10.9
   Compiling radium v0.7.0
   Compiling num-bigint v0.3.3
    Checking byteorder v1.5.0
    Checking tap v1.0.1
    Checking wyz v0.5.1
   Compiling addchain v0.2.1
    Checking funty v2.0.0
   Compiling ff_derive v0.13.1
    Checking bitvec v1.0.1
    Checking spin v0.9.9
    Checking lazy_static v1.5.0
    Checking smallvec v1.15.2
    Checking p3-dft v0.4.3-succinct
    Checking socket2 v0.6.5
    Checking ff v0.13.1
    Checking mio v1.2.2
   Compiling zmij v1.0.21
   Compiling serde_json v1.0.149
    Checking tokio v1.52.3
    Checking p3-challenger v0.4.3-succinct
   Compiling thiserror v1.0.69
    Checking itertools v0.14.0
    Checking hybrid-array v0.4.11
    Checking slop-algebra v6.3.1
    Checking block-buffer v0.12.0
    Checking crypto-common v0.2.1
    Checking futures-executor v0.3.32
    Checking const-oid v0.10.2
    Checking futures v0.3.32
    Checking p3-mds v0.4.3-succinct
    Checking keccak v0.2.0
    Checking digest v0.11.3
    Checking keccak v0.1.6
    Checking gcd v2.3.0
    Checking sha3 v0.10.9
    Checking p3-poseidon2 v0.4.3-succinct
    Checking sha3 v0.11.0
    Checking p3-commit v0.4.3-succinct
    Checking log v0.4.32
    Checking slop-symmetric v6.3.1
    Checking constant_time_eq v0.4.2
    Checking arrayref v0.3.9
    Checking slop-challenger v6.3.1
    Checking crossbeam-queue v0.3.12
    Checking crossbeam-channel v0.5.15
    Checking pin-project v1.1.13
    Checking slop-poseidon2 v6.3.1
    Checking slop-alloc v6.3.1
    Checking crossbeam v0.8.4
    Checking regex-syntax v0.8.11
    Checking strength_reduce v0.2.4
    Checking transpose v0.2.3
    Checking slop-futures v6.3.1
    Checking slop-matrix v6.3.1
    Checking slop-tensor v6.3.1
    Checking regex-automata v0.4.14
   Compiling p3-koala-bear v0.4.3-succinct
   Compiling p3-baby-bear v0.4.3-succinct
    Checking tracing-log v0.2.0
    Checking sharded-slab v0.1.7
    Checking thread_local v1.1.9
    Checking half v1.8.3
    Checking hex v0.4.3
    Checking matchers v0.2.0
    Checking nu-ansi-term v0.50.3
    Checking serde_cbor v0.11.2
    Checking tracing-subscriber v0.3.23
    Checking slop-commit v6.3.1
    Checking p3-bn254-fr v0.4.3-succinct
    Checking fips204 v0.4.6 (/tmp/qualify-20260918/third_party/fips204)
    Checking static_assertions v1.1.0
    Checking ansi_term v0.12.1
    Checking tracing-forest v0.1.6
    Checking postfiat-crypto-provider v0.1.0 (/tmp/qualify-20260918/crates/crypto_provider)
    Checking slop-koala-bear v6.3.1
    Checking slop-baby-bear v6.3.1
    Checking postfiat-types v0.1.0 (/tmp/qualify-20260918/crates/types)
    Checking slop-bn254 v6.3.1
    Checking num_cpus v1.17.0
    Checking slop-multilinear v6.3.1
    Checking slop-utils v6.3.1
    Checking p3-merkle-tree v0.4.3-succinct
    Checking slop-primitives v6.3.1
    Checking p3-interpolation v0.4.3-succinct
    Checking p3-fri v0.4.3-succinct
    Checking slop-merkle-tree v6.3.1
    Checking slop-basefold v6.3.1
    Checking slop-fri v6.3.1
    Checking slop-dft v6.3.1
   Compiling crunchy v0.2.4
   Compiling ahash v0.8.12
    Checking slop-basefold-prover v6.3.1
    Checking p3-air v0.4.3-succinct
   Compiling thiserror v2.0.18
   Compiling blake3 v1.8.5
    Checking slop-stacked v6.3.1
    Checking slop-sumcheck v6.3.1
    Checking cpufeatures v0.3.0
    Checking simd-adler32 v0.3.10
    Checking allocator-api2 v0.2.21
    Checking adler2 v2.0.1
    Checking miniz_oxide v0.8.9
    Checking hashbrown v0.14.5
   Compiling object v0.37.3
    Checking slop-jagged v6.3.1
    Checking p3-uni-stark v0.4.3-succinct
    Checking bincode v1.3.3
    Checking elf v0.7.4
    Checking gimli v0.32.3
   Compiling range-set-blaze v0.1.16
    Checking addr2line v0.25.1
    Checking sp1-primitives v6.3.1
    Checking deepsize2 v0.1.0
    Checking struct-reflection v0.1.0
    Checking strum v0.27.2
    Checking slop-uni-stark v6.3.1
    Checking slop-whir v6.3.1
    Checking slop-air v6.3.1
    Checking rayon-scan v0.1.1
    Checking gen_ops v0.4.0
    Checking thousands v0.2.0
    Checking rustc-demangle v0.1.27
    Checking sp1-hypercube v6.3.1
    Checking backtrace v0.3.76
    Checking slop-maybe-rayon v6.3.1
    Checking bytemuck v1.25.0
    Checking rustc-hex v2.1.0
    Checking substrate-bn-succinct-rs v0.6.0
    Checking memuse v0.2.2
    Checking postfiat-nav-reserve-protocol v0.1.0 (/tmp/qualify-20260918/crates/nav_reserve_protocol)
    Checking postfiat-bridge v0.1.0 (/tmp/qualify-20260918/crates/bridge)
    Checking sp1-recursion-executor v6.3.1
    Checking sp1-recursion-machine v6.3.1
    Checking base64 v0.22.1
    Checking group v0.13.0
    Checking sp1-verifier v6.3.1
    Checking blake2b_simd v1.0.4
   Compiling crc32fast v1.5.0
    Checking inout v0.1.4
    Checking postfiat-execution v0.1.0 (/tmp/qualify-20260918/crates/execution)
    Checking cipher v0.4.4
    Checking flate2 v1.1.9
    Checking pasta_curves v0.5.1
    Checking signature v2.2.0
    Checking der v0.7.10
    Checking postfiat-rpc-sdk v0.1.0 (/tmp/qualify-20260918/crates/rpc_sdk)
   Compiling redb v4.2.0
   Compiling indexmap v1.9.3
    Checking postfiat-mempool-dag v0.1.0 (/tmp/qualify-20260918/crates/mempool_dag)
    Checking universal-hash v0.5.1
    Checking hashbrown v0.12.3
    Checking opaque-debug v0.3.1
   Compiling libm v0.2.16
    Checking poly1305 v0.8.0
    Checking postfiat-ordering-fast v0.1.0 (/tmp/qualify-20260918/crates/ordering_fast)
    Checking spki v0.7.3
    Checking chacha20 v0.9.1
    Checking bls12_381 v0.8.0
    Checking maybe-rayon v0.1.1
    Checking aead v0.5.2
    Checking halo2_legacy_pdqsort v0.1.0
    Checking base16ct v0.2.0
    Checking sec1 v0.7.3
    Checking halo2_proofs v0.3.2 (/tmp/qualify-20260918/third_party/halo2_proofs)
    Checking postfiat-storage v0.1.0 (/tmp/qualify-20260918/crates/storage)
    Checking chacha20poly1305 v0.10.1
    Checking jubjub v0.10.0
    Checking pkcs8 v0.10.2
    Checking halo2_poseidon v0.1.0
    Checking sinsemilla v0.1.0
    Checking cbc v0.1.2
    Checking zcash_spec v0.2.1
    Checking postfiat-consensus-cobalt v0.1.0 (/tmp/qualify-20260918/crates/consensus_cobalt)
    Checking uint v0.9.5
    Checking postfiat-proofs v0.1.0 (/tmp/qualify-20260918/crates/proofs)
    Checking hmac v0.12.1
    Checking crypto-bigint v0.5.5
    Checking bech32 v0.11.1
    Checking zip32 v0.2.1
    Checking elliptic-curve v0.13.8
    Checking rfc6979 v0.4.0
    Checking postfiat-privacy v0.1.0 (/tmp/qualify-20260918/crates/privacy)
    Checking halo2_gadgets v0.5.0
    Checking fpe v0.6.1
    Checking reddsa v0.5.1
    Checking zcash_note_encryption v0.4.1
    Checking aes v0.8.4
    Checking incrementalmerkletree v0.8.2
    Checking corez v0.1.1
    Checking nonempty v0.11.0
    Checking zerofrom v0.1.8
    Checking orchard v0.14.0
    Checking ecdsa v0.16.9
    Checking postfiat-pfusdc-proofs v0.1.0 (/tmp/qualify-20260918/crates/pfusdc_proofs)
   Compiling postfiat-node v0.1.0 (/tmp/qualify-20260918/crates/node)
    Checking stable_deref_trait v1.2.1
    Checking yoke v0.8.3
    Checking postfiat-pftl-uniswap-proofs v0.1.0 (/tmp/qualify-20260918/crates/pftl_uniswap_proofs)
    Checking postfiat-privacy-orchard v0.1.0 (/tmp/qualify-20260918/crates/privacy_orchard)
    Checking k256 v0.13.4
    Checking postfiat-network v0.1.0 (/tmp/qualify-20260918/crates/network)
    Checking zerovec v0.11.8
    Checking tinystr v0.8.4
    Checking writeable v0.6.4
    Checking litemap v0.8.3
    Checking icu_locale_core v2.3.0
    Checking zerotrie v0.2.5
    Checking potential_utf v0.1.6
    Checking utf8_iter v1.0.4
   Compiling icu_properties_data v2.3.0
   Compiling icu_normalizer_data v2.3.0
    Checking icu_collections v2.3.0
   Compiling ring v0.17.14
    Checking icu_provider v2.3.1
    Checking http v1.5.0
    Checking percent-encoding v2.3.2
   Compiling wasm-bindgen-shared v0.2.126
    Checking http-body v1.1.0
    Checking rustls-pki-types v1.15.1
    Checking untrusted v0.9.0
   Compiling httparse v1.10.1
    Checking alloy-rlp v0.3.12
    Checking icu_properties v2.3.0
    Checking icu_normalizer v2.3.0
    Checking tower-service v0.3.3
    Checking try-lock v0.2.5
    Checking ruint v1.20.0
    Checking want v0.3.1
   Compiling rustls v0.23.45
    Checking idna_adapter v1.2.2
    Checking rustls-webpki v0.103.15
    Checking form_urlencoded v1.2.2
    Checking atomic-waker v1.1.2
    Checking foldhash v0.2.0
    Checking hashbrown v0.16.1
    Checking hyper v1.11.1
    Checking idna v1.1.0
    Checking derive_more v2.1.1
    Checking sync_wrapper v1.0.2
    Checking const-hex v1.19.1
    Checking ipnet v2.12.1
    Checking rustc-hash v2.1.3
    Checking tower-layer v0.3.3
    Checking tower v0.5.3
    Checking alloy-primitives v1.5.7
   Compiling wasm-bindgen-macro-support v0.2.126
    Checking hyper-util v0.1.20
   Compiling curve25519-dalek v4.1.3
    Checking url v2.5.8
    Checking tokio-rustls v0.26.4
    Checking webpki-roots v1.0.9
    Checking ryu v1.0.23
    Checking bitflags v2.13.1
    Checking unicode-ident v1.0.24
    Checking tower-http v0.6.11
    Checking serde_urlencoded v0.7.1
    Checking hyper-rustls v0.27.9
   Compiling wasm-bindgen v0.2.126
   Compiling wasm-bindgen-macro v0.2.126
    Checking nybbles v0.4.8
    Checking http-body-util v0.1.5
    Checking ed25519 v2.2.3
    Checking winnow v0.7.15
    Checking reqwest v0.12.28
    Checking ed25519-dalek v2.2.0
    Checking alloy-trie v0.9.5
    Checking alloy-sol-type-parser v1.5.7
    Checking alloy-sol-types v1.5.7
   Compiling postfiat-bench v0.1.0 (/tmp/qualify-20260918/crates/bench_harness)
    Checking js-sys v0.3.103
    Checking arc-conformance v0.1.0 (/tmp/qualify-20260918/crates/arc-conformance)
    Checking postfiat-fastpay-prototype v0.1.0 (/tmp/qualify-20260918/crates/fastpay-prototype)
    Checking postfiat-cobalt-adversarial-oracle v0.1.0 (/tmp/qualify-20260918/crates/cobalt_adversarial_oracle)
    Checking postfiat-cobalt-decision-oracle v0.1.0 (/tmp/qualify-20260918/crates/cobalt_decision_oracle)
    Checking postfiat-fastswap-model v0.1.0 (/tmp/qualify-20260918/crates/fastswap_model)
    Checking postfiat-cobalt-e1-harness v0.1.0 (/tmp/qualify-20260918/crates/cobalt_e1_harness)
    Checking serde-wasm-bindgen v0.6.5
    Checking postfiat-wallet-wasm v0.1.0 (/tmp/qualify-20260918/crates/wallet_wasm)
    Checking postfiat-cobalt-e3-harness v0.1.0 (/tmp/qualify-20260918/crates/cobalt_e3_harness)
    Checking postfiat-cobalt-e2-harness v0.1.0 (/tmp/qualify-20260918/crates/cobalt_e2_harness)
    Checking postfiat-fuzz v0.1.0 (/tmp/qualify-20260918/crates/fuzz_harness)
    Finished `dev` profile [unoptimized + debuginfo] target(s) in 1m 07s
