[2m2026-08-28T22:08:42.170733Z[0m [32m INFO[0m initializing cuda prover
Running sp1-gpu-server 6.3.1 with device 0
[2m2026-08-28T22:08:43.122160Z[0m [32m INFO[0m [2msp1_gpu_server::server[0m[2m:[0m Server listening @ /tmp/sp1-cuda-0.sock
[2m2026-08-28T22:08:43.213726Z[0m [32m INFO[0m [2msp1_gpu_server::server[0m[2m:[0m Connection accepted
[2m2026-08-28T22:08:44.401248Z[0m [32m INFO[0m public_value_stream: [80, 70, 84, 76, 45, 80, 70, 85, 83, 68, 67, 45, 65, 82, 67, 45, 73, 78, 71, 82, 69, 83, 83, 45, 86, 49, 126, 133, 105, 154, 61, 145, 93, 97, 89, 125, 78, 6, 12, 176, 234, 191, 90, 55, 84, 82, 224, 116, 98, 121, 65, 118, 193, 133, 42, 216, 203, 185, 0, 0, 0, 0, 0, 76, 239, 82, 238, 5, 178, 27, 146, 11, 147, 103, 114, 132, 34, 238, 169, 92, 132, 38, 21, 78, 13, 232, 54, 0, 0, 0, 0, 0, 0, 0, 0, 0, 0, 0, 0, 0, 0, 0, 0, 0, 0, 0, 181, 79, 216, 251, 30, 104, 77, 127, 109, 116, 198, 76, 212, 184, 26, 53, 252, 37, 132, 92, 109, 201, 50, 63, 189, 160, 110, 215, 175, 137, 237, 247, 0, 0, 0, 0, 0, 15, 66, 64, 116, 171, 233, 189, 250, 253, 76, 169, 89, 204, 122, 80, 29, 89, 11, 171, 219, 217, 82, 10, 62, 254, 73, 62, 33, 114, 219, 59, 75, 229, 208, 213, 225, 250, 191, 191, 250, 52, 229, 140, 213, 101, 146, 196, 188, 173, 164, 152, 128, 243, 208, 214, 104, 131, 54, 206, 212, 20, 241, 103, 107, 182, 172, 205, 243, 247, 98, 115, 113, 209, 165, 143, 253, 120, 7, 62, 0, 220, 218, 74, 211, 36, 30, 76, 222, 177, 182, 184, 201, 180, 116, 153, 23, 54, 231, 206, 0, 0, 0, 0, 3, 137, 100, 100, 117, 210, 190, 215, 139, 49, 63, 104, 26, 208, 151, 110, 103, 164, 134, 3, 44, 200, 53, 130, 180, 20, 224, 77, 81, 255, 4, 213, 28, 192, 162, 250, 117, 210, 190, 215, 139, 49, 63, 104, 26, 208, 151, 110, 103, 164, 134, 3, 44, 200, 53, 130, 180, 20, 224, 77, 81, 255, 4, 213, 28, 192, 162, 250]
[2m2026-08-28T22:08:44.517340Z[0m [32m INFO[0m [1mexecute_program[0m: close [3mtime.busy[0m[2m=[0m30.3ms [3mtime.idle[0m[2m=[0m1.27s
Arc ingress witness executed: 2376633 cycles in 1304 ms
[2m2026-08-28T22:09:01.864099Z[0m [32m INFO[0m [2msp1_gpu_server::server[0m[2m:[0m Running setup
[2m2026-08-28T22:09:02.060270Z[0m [32m INFO[0m starting proof generation [3mmode[0m[2m=[0mGroth16
[2m2026-08-28T22:09:02.060800Z[0m [32m INFO[0m [2msp1_gpu_server::server[0m[2m:[0m Proving with mode: Groth16
[2m2026-08-28T22:09:21.047177Z[0m [32m INFO[0m [2msp1_prover::build[0m[2m:[0m [sp1] groth16 circuit artifacts already seem to exist at /root/.sp1/circuits/groth16/v6.1.0. if you want to re-download them, delete the directory
Setting environment variables took 23.671µs
Reading R1CS took 25.751987986s
Reading proving key took 4.730663479s
Reading witness file took 4.617558ms
Deserializing JSON data took 36.528898ms
Generating witness took 800.187676ms
[90m22:10:09[0m DBG constraint system solver done [36mnbConstraints=[0m15972262 [36mtook=[0m17265.328486
[90m22:10:46[0m DBG prover done [36macceleration=[0mnone [36mbackend=[0mgroth16 [36mcurve=[0mbn254 [36mnbConstraints=[0m15972262 [36mtook=[0m37154.71481
Generating proof took 54.420955902s
[90m22:10:46[0m [33mWRN[0m [1mignoring uninitialized slice[0m [36mslice name=[0mVars [36mslice type=[0m[]frontend.Variable
[90m22:10:46[0m [33mWRN[0m [1mignoring uninitialized slice[0m [36mslice name=[0mVars [36mslice type=[0m[]frontend.Variable
[90m22:10:46[0m [33mWRN[0m [1mignoring uninitialized slice[0m [36mslice name=[0mVars [36mslice type=[0m[]frontend.Variable
[90m22:10:46[0m DBG verifier done [36mbackend=[0mgroth16 [36mcurve=[0mbn254 [36mtook=[0m3.105277
verified Arc ingress Groth16 proof; vkey 0x00b218e0ab7d2582baacca0dfaa8a5b211f258880ee44898797e109ae6b55ee0
[2m2026-08-28T22:10:47.274810Z[0m [32m INFO[0m [2msp1_gpu_server::server[0m[2m:[0m Destroying key
