   Compiling syn v2.0.117
   Compiling getrandom v0.2.17
   Compiling rand_core v0.6.4
   Compiling rand_chacha v0.3.1
   Compiling rand v0.8.6
   Compiling ff v0.13.1
   Compiling futures-core v0.3.32
   Compiling futures-channel v0.3.32
   Compiling tokio v1.52.3
   Compiling serde_derive v1.0.228
   Compiling serde v1.0.228
   Compiling zeroize_derive v1.4.3
   Compiling zeroize v1.8.2
   Compiling tracing-attributes v0.1.31
   Compiling p3-util v0.4.3-succinct
   Compiling generic-array v0.14.7
   Compiling tracing v0.1.44
   Compiling p3-field v0.4.3-succinct
   Compiling crypto-common v0.1.7
   Compiling block-buffer v0.10.4
   Compiling digest v0.10.7
   Compiling p3-matrix v0.4.3-succinct
   Compiling p3-symmetric v0.4.3-succinct
   Compiling p3-dft v0.4.3-succinct
   Compiling p3-challenger v0.4.3-succinct
   Compiling futures-macro v0.3.32
   Compiling thiserror-impl v1.0.69
   Compiling futures-util v0.3.32
   Compiling thiserror v1.0.69
   Compiling slop-algebra v6.3.1
   Compiling sha2 v0.10.9
   Compiling futures-executor v0.3.32
   Compiling p3-mds v0.4.3-succinct
   Compiling futures v0.3.32
   Compiling p3-poseidon2 v0.4.3-succinct
   Compiling p3-commit v0.4.3-succinct
   Compiling slop-symmetric v6.3.1
   Compiling pin-project-internal v1.1.13
   Compiling slop-challenger v6.3.1
   Compiling slop-poseidon2 v6.3.1
   Compiling slop-alloc v6.3.1
   Compiling slop-matrix v6.3.1
   Compiling derive-where v1.6.1
   Compiling pin-project v1.1.13
   Compiling slop-futures v6.3.1
   Compiling slop-tensor v6.3.1
   Compiling smallvec v1.15.2
   Compiling keccak v0.1.6
   Compiling tracing-subscriber v0.3.23
   Compiling sha3 v0.10.9
   Compiling p3-koala-bear v0.4.3-succinct
   Compiling p3-baby-bear v0.4.3-succinct
   Compiling slop-commit v6.3.1
   Compiling p3-bn254-fr v0.4.3-succinct
   Compiling tracing-forest v0.1.6
   Compiling slop-bn254 v6.3.1
   Compiling slop-baby-bear v6.3.1
   Compiling slop-koala-bear v6.3.1
   Compiling fips204 v0.4.6 (/home/postfiatchad/repos/postfiatl1v2-release-20260915/third_party/fips204)
   Compiling serde_cbor v0.11.2
   Compiling slop-multilinear v6.3.1
   Compiling postfiat-crypto-provider v0.1.0 (/home/postfiatchad/repos/postfiatl1v2-release-20260915/crates/crypto_provider)
   Compiling slop-utils v6.3.1
   Compiling group v0.13.0
   Compiling p3-merkle-tree v0.4.3-succinct
   Compiling slop-primitives v6.3.1
   Compiling p3-interpolation v0.4.3-succinct
   Compiling p3-fri v0.4.3-succinct
   Compiling slop-merkle-tree v6.3.1
   Compiling postfiat-types v0.1.0 (/home/postfiatchad/repos/postfiatl1v2-release-20260915/crates/types)
   Compiling slop-basefold v6.3.1
   Compiling slop-fri v6.3.1
   Compiling slop-dft v6.3.1
   Compiling slop-basefold-prover v6.3.1
   Compiling p3-air v0.4.3-succinct
   Compiling inout v0.1.4
   Compiling cipher v0.4.4
   Compiling slop-stacked v6.3.1
   Compiling slop-sumcheck v6.3.1
   Compiling hashbrown v0.14.5
   Compiling strum_macros v0.27.2
   Compiling slop-jagged v6.3.1
   Compiling p3-uni-stark v0.4.3-succinct
   Compiling pasta_curves v0.5.1
   Compiling bincode v1.3.3
   Compiling struct-reflection-derive v0.1.0
   Compiling deepsize_derive2 v0.1.0
   Compiling sp1-primitives v6.3.1
   Compiling deepsize2 v0.1.0
   Compiling struct-reflection v0.1.0
   Compiling slop-uni-stark v6.3.1
   Compiling slop-whir v6.3.1
   Compiling strum v0.27.2
   Compiling slop-air v6.3.1
   Compiling der v0.7.10
   Compiling backtrace v0.3.76
   Compiling sp1-hypercube v6.3.1
   Compiling universal-hash v0.5.1
   Compiling bytemuck_derive v1.10.2
   Compiling thiserror v2.0.18
   Compiling poly1305 v0.8.0
   Compiling sp1-recursion-executor v6.3.1
   Compiling bytemuck v1.25.0
   Compiling spki v0.7.3
   Compiling chacha20 v0.9.1
   Compiling aead v0.5.2
   Compiling thiserror-impl v2.0.18
   Compiling bls12_381 v0.8.0
   Compiling halo2_proofs v0.3.2 (/home/postfiatchad/repos/postfiatl1v2-release-20260915/third_party/halo2_proofs)
   Compiling substrate-bn-succinct-rs v0.6.0
   Compiling sec1 v0.7.3
   Compiling proc-macro-error2 v2.0.1
   Compiling jubjub v0.10.0
   Compiling chacha20poly1305 v0.10.1
   Compiling pkcs8 v0.10.2
   Compiling sp1-recursion-machine v6.3.1
   Compiling postfiat-mempool-dag v0.1.0 (/home/postfiatchad/repos/postfiatl1v2-release-20260915/crates/mempool_dag)
   Compiling sinsemilla v0.1.0
   Compiling halo2_poseidon v0.1.0
   Compiling cbc v0.1.2
   Compiling hmac v0.12.1
   Compiling crypto-bigint v0.5.5
   Compiling elliptic-curve v0.13.8
   Compiling rfc6979 v0.4.0
   Compiling fpe v0.6.1
   Compiling halo2_gadgets v0.5.0
   Compiling sp1-verifier v6.3.1
   Compiling postfiat-ordering-fast v0.1.0 (/home/postfiatchad/repos/postfiatl1v2-release-20260915/crates/ordering_fast)
   Compiling zcash_note_encryption v0.4.1
   Compiling reddsa v0.5.1
   Compiling getset v0.1.6
   Compiling postfiat-nav-reserve-protocol v0.1.0 (/home/postfiatchad/repos/postfiatl1v2-release-20260915/crates/nav_reserve_protocol)
   Compiling postfiat-bridge v0.1.0 (/home/postfiatchad/repos/postfiatl1v2-release-20260915/crates/bridge)
   Compiling postfiat-consensus-cobalt v0.1.0 (/home/postfiatchad/repos/postfiatl1v2-release-20260915/crates/consensus_cobalt)
