   Compiling postfiat-node v0.1.0 (/home/postfiatchad/repos/postfiatl1v2-release-20260915/crates/node)
   Compiling postfiat-bench v0.1.0 (/home/postfiatchad/repos/postfiatl1v2-release-20260915/crates/bench_harness)
    Checking postfiat-wallet-wasm v0.1.0 (/home/postfiatchad/repos/postfiatl1v2-release-20260915/crates/wallet_wasm)
    Checking postfiat-cobalt-e1-harness v0.1.0 (/home/postfiatchad/repos/postfiatl1v2-release-20260915/crates/cobalt_e1_harness)
    Checking postfiat-cobalt-e2-harness v0.1.0 (/home/postfiatchad/repos/postfiatl1v2-release-20260915/crates/cobalt_e2_harness)
    Checking postfiat-cobalt-e3-harness v0.1.0 (/home/postfiatchad/repos/postfiatl1v2-release-20260915/crates/cobalt_e3_harness)
    Checking postfiat-fuzz v0.1.0 (/home/postfiatchad/repos/postfiatl1v2-release-20260915/crates/fuzz_harness)
    Checking postfiat-pftl-uniswap-proofs v0.1.0 (/home/postfiatchad/repos/postfiatl1v2-release-20260915/crates/pftl_uniswap_proofs)
    Checking postfiat-privacy v0.1.0 (/home/postfiatchad/repos/postfiatl1v2-release-20260915/crates/privacy)
    Checking postfiat-storage v0.1.0 (/home/postfiatchad/repos/postfiatl1v2-release-20260915/crates/storage)
    Checking postfiat-ordering-fast v0.1.0 (/home/postfiatchad/repos/postfiatl1v2-release-20260915/crates/ordering_fast)
    Checking postfiat-pfusdc-proofs v0.1.0 (/home/postfiatchad/repos/postfiatl1v2-release-20260915/crates/pfusdc_proofs)
    Checking postfiat-rpc-sdk v0.1.0 (/home/postfiatchad/repos/postfiatl1v2-release-20260915/crates/rpc_sdk)
    Checking postfiat-consensus-cobalt v0.1.0 (/home/postfiatchad/repos/postfiatl1v2-release-20260915/crates/consensus_cobalt)
    Checking postfiat-fastpay-prototype v0.1.0 (/home/postfiatchad/repos/postfiatl1v2-release-20260915/crates/fastpay-prototype)
    Checking postfiat-execution v0.1.0 (/home/postfiatchad/repos/postfiatl1v2-release-20260915/crates/execution)
    Checking postfiat-mempool-dag v0.1.0 (/home/postfiatchad/repos/postfiatl1v2-release-20260915/crates/mempool_dag)
    Checking postfiat-bridge v0.1.0 (/home/postfiatchad/repos/postfiatl1v2-release-20260915/crates/bridge)
    Checking postfiat-types v0.1.0 (/home/postfiatchad/repos/postfiatl1v2-release-20260915/crates/types)
    Checking postfiat-nav-reserve-protocol v0.1.0 (/home/postfiatchad/repos/postfiatl1v2-release-20260915/crates/nav_reserve_protocol)
    Finished `dev` profile [unoptimized + debuginfo] target(s) in 50.05s
