   Compiling proc-macro2 v1.0.106
   Compiling unicode-ident v1.0.24
   Compiling quote v1.0.45
   Compiling cfg-if v1.0.4
   Compiling libc v0.2.186
   Compiling autocfg v1.5.0
   Compiling serde_core v1.0.228
   Compiling serde v1.0.228
   Compiling zerocopy v0.8.48
   Compiling either v1.15.0
   Compiling crossbeam-utils v0.8.21
   Compiling crossbeam-epoch v0.9.20
   Compiling once_cell v1.21.4
   Compiling pin-project-lite v0.2.17
   Compiling rayon-core v1.13.0
   Compiling subtle v2.6.1
   Compiling typenum v1.20.0
   Compiling version_check v0.9.5
   Compiling memchr v2.8.0
   Compiling syn v1.0.109
   Compiling radium v0.7.0
   Compiling tap v1.0.1
   Compiling byteorder v1.5.0
   Compiling funty v2.0.0
   Compiling const-oid v0.9.6
   Compiling spin v0.9.9
   Compiling arrayvec v0.7.6
   Compiling thiserror v1.0.69
   Compiling futures-sink v0.3.32
   Compiling futures-core v0.3.32
   Compiling futures-task v0.3.32
   Compiling cpufeatures v0.2.17
   Compiling slab v0.4.12
   Compiling futures-io v0.3.32
   Compiling semver v1.0.28
   Compiling wyz v0.5.1
   Compiling gcd v2.3.0
   Compiling arrayref v0.3.9
   Compiling constant_time_eq v0.4.2
   Compiling tokio v1.52.3
   Compiling tracing-core v0.1.36
   Compiling itertools v0.12.1
   Compiling lazy_static v1.5.0
   Compiling itertools v0.14.0
   Compiling futures-channel v0.3.32
   Compiling strength_reduce v0.2.4
   Compiling regex-syntax v0.8.11
   Compiling log v0.4.32
   Compiling thread_local v1.1.9
   Compiling zmij v1.0.21
   Compiling sharded-slab v0.1.7
   Compiling nu-ansi-term v0.50.3
   Compiling const-oid v0.10.2
   Compiling keccak v0.2.0
   Compiling memuse v0.2.2
   Compiling rustc_version v0.4.1
   Compiling generic-array v0.14.7
   Compiling serde_json v1.0.149
   Compiling static_assertions v1.1.0
   Compiling num-traits v0.2.19
   Compiling num-bigint v0.3.3
   Compiling ansi_term v0.12.1
   Compiling itoa v1.0.18
   Compiling keccak v0.1.6
   Compiling hex v0.4.3
   Compiling bitvec v1.0.1
   Compiling find-msvc-tools v0.1.9
   Compiling shlex v2.0.1
   Compiling ahash v0.8.12
   Compiling blake2b_simd v1.0.4
   Compiling crunchy v0.2.4
   Compiling simd-adler32 v0.3.10
   Compiling adler2 v2.0.1
   Compiling object v0.37.3
   Compiling allocator-api2 v0.2.21
   Compiling tracing-log v0.2.0
   Compiling p3-baby-bear v0.4.3-succinct
   Compiling p3-koala-bear v0.4.3-succinct
   Compiling cc v1.2.64
   Compiling heck v0.5.0
   Compiling cpufeatures v0.3.0
   Compiling miniz_oxide v0.8.9
   Compiling elf v0.7.4
   Compiling gimli v0.32.3
   Compiling crossbeam-queue v0.3.12
   Compiling crossbeam-channel v0.5.15
   Compiling range-set-blaze v0.1.16
   Compiling indexmap v1.9.3
   Compiling gen_ops v0.4.0
   Compiling rustc-demangle v0.1.27
   Compiling thousands v0.2.0
   Compiling hashbrown v0.12.3
   Compiling libm v0.2.16
   Compiling opaque-debug v0.3.1
   Compiling thiserror v2.0.18
   Compiling halo2_legacy_pdqsort v0.1.0
   Compiling rustc-hex v2.1.0
   Compiling crc32fast v1.5.0
   Compiling base16ct v0.2.0
   Compiling zcash_spec v0.2.1
   Compiling crossbeam-deque v0.8.6
   Compiling uint v0.9.5
   Compiling syn v2.0.117
   Compiling hybrid-array v0.4.11
   Compiling bech32 v0.11.1
   Compiling incrementalmerkletree v0.8.2
   Compiling nonempty v0.11.0
   Compiling corez v0.1.1
   Compiling proc-macro-error-attr2 v2.0.0
   Compiling postfiat-node v0.1.0 (/home/postfiat/repos/a666-uniswap-bridge-build-20260723/crates/node)
   Compiling base64 v0.22.1
   Compiling crossbeam v0.8.4
   Compiling flate2 v1.1.9
   Compiling num-integer v0.1.46
   Compiling getrandom v0.2.17
   Compiling num_cpus v1.17.0
   Compiling regex-automata v0.4.14
   Compiling zip32 v0.2.1
   Compiling rand_core v0.6.4
   Compiling rayon v1.12.0
   Compiling num-bigint v0.4.6
   Compiling transpose v0.2.3
   Compiling block-buffer v0.12.0
   Compiling crypto-common v0.2.1
   Compiling blake3 v1.8.5
   Compiling digest v0.11.3
   Compiling sha3 v0.11.0
   Compiling addchain v0.2.1
   Compiling addr2line v0.25.1
   Compiling matchers v0.2.0
   Compiling p3-maybe-rayon v0.4.3-succinct
   Compiling rayon-scan v0.1.1
   Compiling maybe-rayon v0.1.1
   Compiling slop-maybe-rayon v6.3.1
   Compiling ff_derive v0.13.1
   Compiling sp1-derive v6.3.1
   Compiling proc-macro-error2 v2.0.1
   Compiling ppv-lite86 v0.2.21
   Compiling rand_chacha v0.3.1
   Compiling serde_derive v1.0.228
   Compiling tracing-attributes v0.1.31
   Compiling zeroize_derive v1.4.3
   Compiling futures-macro v0.3.32
   Compiling thiserror-impl v1.0.69
   Compiling pin-project-internal v1.1.13
   Compiling derive-where v1.6.1
   Compiling strum_macros v0.27.2
   Compiling struct-reflection-derive v0.1.0
   Compiling deepsize_derive2 v0.1.0
   Compiling bytemuck_derive v1.10.2
   Compiling thiserror-impl v2.0.18
   Compiling visibility v0.1.1
   Compiling getset v0.1.6
   Compiling ff v0.13.1
   Compiling group v0.13.0
   Compiling bls12_381 v0.8.0
   Compiling rand v0.8.6
   Compiling struct-reflection v0.1.0
   Compiling jubjub v0.10.0
   Compiling zeroize v1.8.2
   Compiling futures-util v0.3.32
   Compiling der v0.7.10
   Compiling pasta_curves v0.5.1
   Compiling pin-project v1.1.13
   Compiling tracing v0.1.44
   Compiling bytemuck v1.25.0
   Compiling substrate-bn-succinct-rs v0.6.0
   Compiling crypto-common v0.1.7
   Compiling block-buffer v0.10.4
   Compiling inout v0.1.4
   Compiling crypto-bigint v0.5.5
   Compiling digest v0.10.7
   Compiling cipher v0.4.4
   Compiling universal-hash v0.5.1
   Compiling aead v0.5.2
   Compiling poly1305 v0.8.0
   Compiling sha2 v0.10.9
   Compiling sha3 v0.10.9
   Compiling hmac v0.12.1
   Compiling signature v2.2.0
   Compiling chacha20 v0.9.1
   Compiling cbc v0.1.2
   Compiling aes v0.8.4
   Compiling strum v0.27.2
   Compiling rfc6979 v0.4.0
   Compiling halo2_proofs v0.3.2 (/home/postfiat/repos/a666-uniswap-bridge-build-20260723/third_party/halo2_proofs)
   Compiling halo2_poseidon v0.1.0
   Compiling sinsemilla v0.1.0
   Compiling fpe v0.6.1
   Compiling spki v0.7.3
   Compiling sec1 v0.7.3
   Compiling chacha20poly1305 v0.10.1
   Compiling fips204 v0.4.6 (/home/postfiat/repos/a666-uniswap-bridge-build-20260723/third_party/fips204)
   Compiling pkcs8 v0.10.2
   Compiling zcash_note_encryption v0.4.1
   Compiling elliptic-curve v0.13.8
   Compiling postfiat-crypto-provider v0.1.0 (/home/postfiat/repos/a666-uniswap-bridge-build-20260723/crates/crypto_provider)
   Compiling ecdsa v0.16.9
   Compiling p3-util v0.4.3-succinct
   Compiling smallvec v1.15.2
   Compiling postfiat-types v0.1.0 (/home/postfiat/repos/a666-uniswap-bridge-build-20260723/crates/types)
   Compiling hashbrown v0.14.5
   Compiling bincode v1.3.3
   Compiling backtrace v0.3.76
   Compiling reddsa v0.5.1
   Compiling postfiat-proofs v0.1.0 (/home/postfiat/repos/a666-uniswap-bridge-build-20260723/crates/proofs)
   Compiling postfiat-network v0.1.0 (/home/postfiat/repos/a666-uniswap-bridge-build-20260723/crates/network)
   Compiling p3-field v0.4.3-succinct
   Compiling k256 v0.13.4
   Compiling tracing-subscriber v0.3.23
   Compiling p3-matrix v0.4.3-succinct
   Compiling p3-symmetric v0.4.3-succinct
   Compiling slop-algebra v6.3.1
   Compiling futures-executor v0.3.32
   Compiling p3-challenger v0.4.3-succinct
   Compiling slop-symmetric v6.3.1
   Compiling futures v0.3.32
   Compiling slop-alloc v6.3.1
   Compiling slop-primitives v6.3.1
   Compiling deepsize2 v0.1.0
   Compiling slop-futures v6.3.1
   Compiling p3-dft v0.4.3-succinct
   Compiling slop-matrix v6.3.1
   Compiling p3-interpolation v0.4.3-succinct
   Compiling p3-air v0.4.3-succinct
   Compiling p3-commit v0.4.3-succinct
   Compiling slop-challenger v6.3.1
   Compiling slop-tensor v6.3.1
   Compiling slop-air v6.3.1
   Compiling p3-mds v0.4.3-succinct
   Compiling slop-commit v6.3.1
   Compiling p3-merkle-tree v0.4.3-succinct
   Compiling p3-fri v0.4.3-succinct
   Compiling p3-uni-stark v0.4.3-succinct
   Compiling p3-poseidon2 v0.4.3-succinct
   Compiling slop-dft v6.3.1
   Compiling slop-multilinear v6.3.1
   Compiling slop-poseidon2 v6.3.1
   Compiling p3-bn254-fr v0.4.3-succinct
   Compiling slop-koala-bear v6.3.1
   Compiling slop-baby-bear v6.3.1
   Compiling slop-fri v6.3.1
   Compiling slop-uni-stark v6.3.1
   Compiling slop-sumcheck v6.3.1
   Compiling tracing-forest v0.1.6
   Compiling slop-utils v6.3.1
   Compiling halo2_gadgets v0.5.0
   Compiling slop-bn254 v6.3.1
   Compiling slop-merkle-tree v6.3.1
   Compiling sp1-primitives v6.3.1
   Compiling slop-basefold v6.3.1
   Compiling slop-basefold-prover v6.3.1
   Compiling slop-stacked v6.3.1
   Compiling slop-jagged v6.3.1
   Compiling slop-whir v6.3.1
   Compiling sp1-hypercube v6.3.1
   Compiling orchard v0.14.0
   Compiling sp1-recursion-executor v6.3.1
   Compiling postfiat-privacy-orchard v0.1.0 (/home/postfiat/repos/a666-uniswap-bridge-build-20260723/crates/privacy_orchard)
   Compiling sp1-recursion-machine v6.3.1
   Compiling sp1-verifier v6.3.1
   Compiling postfiat-bridge v0.1.0 (/home/postfiat/repos/a666-uniswap-bridge-build-20260723/crates/bridge)
   Compiling postfiat-mempool-dag v0.1.0 (/home/postfiat/repos/a666-uniswap-bridge-build-20260723/crates/mempool_dag)
   Compiling postfiat-consensus-cobalt v0.1.0 (/home/postfiat/repos/a666-uniswap-bridge-build-20260723/crates/consensus_cobalt)
   Compiling postfiat-storage v0.1.0 (/home/postfiat/repos/a666-uniswap-bridge-build-20260723/crates/storage)
   Compiling postfiat-privacy v0.1.0 (/home/postfiat/repos/a666-uniswap-bridge-build-20260723/crates/privacy)
   Compiling postfiat-ordering-fast v0.1.0 (/home/postfiat/repos/a666-uniswap-bridge-build-20260723/crates/ordering_fast)
   Compiling postfiat-execution v0.1.0 (/home/postfiat/repos/a666-uniswap-bridge-build-20260723/crates/execution)
   Compiling postfiat-rpc-sdk v0.1.0 (/home/postfiat/repos/a666-uniswap-bridge-build-20260723/crates/rpc_sdk)
    Finished `dev` profile [unoptimized + debuginfo] target(s) in 1m 00s
