[detached HEAD a2b37ebc] Qualify the release tip with the burn 6 repairs
 264 files changed, 12897 insertions(+)
 create mode 100644 deployments/release-repair-20260922/README.md
 create mode 100644 deployments/release-repair-20260922/SHA256SUMS
 create mode 100644 deployments/release-repair-20260922/copy-isolation-audit.json
 create mode 100644 deployments/release-repair-20260922/fresh-v2-complete.json
 create mode 100644 deployments/release-repair-20260922/fresh-v2-history-run.json
 create mode 100644 deployments/release-repair-20260922/history-run.json
 create mode 100644 deployments/release-repair-20260922/history/final-candidate-on-rollback-validator-0.stderr.log
 create mode 100644 deployments/release-repair-20260922/history/final-candidate-on-rollback-validator-0.stdout.json
 create mode 100644 deployments/release-repair-20260922/history/fresh-v2-validator-0.stderr.log
 create mode 100644 deployments/release-repair-20260922/history/fresh-v2-validator-0.stdout.json
 create mode 100644 deployments/release-repair-20260922/history/fresh-v2-validator-1.stderr.log
 create mode 100644 deployments/release-repair-20260922/history/fresh-v2-validator-1.stdout.json
 create mode 100644 deployments/release-repair-20260922/history/fresh-v2-validator-2.stderr.log
 create mode 100644 deployments/release-repair-20260922/history/fresh-v2-validator-2.stdout.json
 create mode 100644 deployments/release-repair-20260922/history/fresh-v2-validator-3.stderr.log
 create mode 100644 deployments/release-repair-20260922/history/fresh-v2-validator-3.stdout.json
 create mode 100644 deployments/release-repair-20260922/history/fresh-v2-validator-4.stderr.log
 create mode 100644 deployments/release-repair-20260922/history/fresh-v2-validator-4.stdout.json
 create mode 100644 deployments/release-repair-20260922/history/fresh-v2-validator-5.stderr.log
 create mode 100644 deployments/release-repair-20260922/history/fresh-v2-validator-5.stdout.json
 create mode 100644 deployments/release-repair-20260922/history/old-binary-checkpoint-0.stderr.log
 create mode 100644 deployments/release-repair-20260922/history/old-binary-checkpoint-0.stdout.json
 create mode 100644 deployments/release-repair-20260922/history/old-binary-checkpoint-1.stderr.log
 create mode 100644 deployments/release-repair-20260922/history/old-binary-checkpoint-1.stdout.json
 create mode 100644 deployments/release-repair-20260922/history/old-binary-checkpoint-2.stderr.log
 create mode 100644 deployments/release-repair-20260922/history/old-binary-checkpoint-2.stdout.json
 create mode 100644 deployments/release-repair-20260922/history/old-binary-checkpoint-3.stderr.log
 create mode 100644 deployments/release-repair-20260922/history/old-binary-checkpoint-3.stdout.json
 create mode 100644 deployments/release-repair-20260922/history/old-binary-checkpoint-4.stderr.log
 create mode 100644 deployments/release-repair-20260922/history/old-binary-checkpoint-4.stdout.json
 create mode 100644 deployments/release-repair-20260922/history/old-binary-checkpoint-5.stderr.log
 create mode 100644 deployments/release-repair-20260922/history/old-binary-checkpoint-5.stdout.json
 create mode 100644 deployments/release-repair-20260922/history/original-validator-0.stderr.log
 create mode 100644 deployments/release-repair-20260922/history/original-validator-0.stdout.json
 create mode 100644 deployments/release-repair-20260922/history/original-validator-1.stderr.log
 create mode 100644 deployments/release-repair-20260922/history/original-validator-1.stdout.json
 create mode 100644 deployments/release-repair-20260922/history/original-validator-2.stderr.log
 create mode 100644 deployments/release-repair-20260922/history/original-validator-2.stdout.json
 create mode 100644 deployments/release-repair-20260922/history/original-validator-3.stderr.log
 create mode 100644 deployments/release-repair-20260922/history/original-validator-3.stdout.json
 create mode 100644 deployments/release-repair-20260922/history/original-validator-4.stderr.log
 create mode 100644 deployments/release-repair-20260922/history/original-validator-4.stdout.json
 create mode 100644 deployments/release-repair-20260922/history/original-validator-5.stderr.log
 create mode 100644 deployments/release-repair-20260922/history/original-validator-5.stdout.json
 create mode 100644 deployments/release-repair-20260922/history/post-v2-validator-0.stderr.log
 create mode 100644 deployments/release-repair-20260922/history/post-v2-validator-0.stdout.json
 create mode 100644 deployments/release-repair-20260922/history/post-v2-validator-1.stderr.log
 create mode 100644 deployments/release-repair-20260922/history/post-v2-validator-1.stdout.json
 create mode 100644 deployments/release-repair-20260922/history/post-v2-validator-2.stderr.log
 create mode 100644 deployments/release-repair-20260922/history/post-v2-validator-2.stdout.json
 create mode 100644 deployments/release-repair-20260922/history/post-v2-validator-3.stderr.log
 create mode 100644 deployments/release-repair-20260922/history/post-v2-validator-3.stdout.json
 create mode 100644 deployments/release-repair-20260922/history/post-v2-validator-4.stderr.log
 create mode 100644 deployments/release-repair-20260922/history/post-v2-validator-4.stdout.json
 create mode 100644 deployments/release-repair-20260922/history/post-v2-validator-5.stderr.log
 create mode 100644 deployments/release-repair-20260922/history/post-v2-validator-5.stdout.json
 create mode 100644 deployments/release-repair-20260922/logs/build-driver.log
 create mode 100644 deployments/release-repair-20260922/logs/checkpoint-driver.log
 create mode 100644 deployments/release-repair-20260922/logs/fastpay-types.stderr
 create mode 100644 deployments/release-repair-20260922/logs/fastpay-types.stdout
 create mode 100644 deployments/release-repair-20260922/logs/final-candidate-on-rollback-validator-0.stderr
 create mode 100644 deployments/release-repair-20260922/logs/final-candidate-on-rollback-validator-0.stdout
 create mode 100644 deployments/release-repair-20260922/logs/format.stderr
 create mode 100644 deployments/release-repair-20260922/logs/format.stdout
 create mode 100644 deployments/release-repair-20260922/logs/fresh-v2-validator-0.stderr
 create mode 100644 deployments/release-repair-20260922/logs/fresh-v2-validator-0.stdout
 create mode 100644 deployments/release-repair-20260922/logs/fresh-v2-validator-1.stderr
 create mode 100644 deployments/release-repair-20260922/logs/fresh-v2-validator-1.stdout
 create mode 100644 deployments/release-repair-20260922/logs/fresh-v2-validator-2.stderr
 create mode 100644 deployments/release-repair-20260922/logs/fresh-v2-validator-2.stdout
 create mode 100644 deployments/release-repair-20260922/logs/fresh-v2-validator-3.stderr
 create mode 100644 deployments/release-repair-20260922/logs/fresh-v2-validator-3.stdout
 create mode 100644 deployments/release-repair-20260922/logs/fresh-v2-validator-4.stderr
 create mode 100644 deployments/release-repair-20260922/logs/fresh-v2-validator-4.stdout
 create mode 100644 deployments/release-repair-20260922/logs/fresh-v2-validator-5.stderr
 create mode 100644 deployments/release-repair-20260922/logs/fresh-v2-validator-5.stdout
 create mode 100644 deployments/release-repair-20260922/logs/governance-gate.stderr
 create mode 100644 deployments/release-repair-20260922/logs/governance-gate.stdout
 create mode 100644 deployments/release-repair-20260922/logs/governance-prepare.stderr
 create mode 100644 deployments/release-repair-20260922/logs/governance-prepare.stdout
 create mode 100644 deployments/release-repair-20260922/logs/node-build-1-dynamic.stdout
 create mode 100644 deployments/release-repair-20260922/logs/node-build-1.stderr
 create mode 100644 deployments/release-repair-20260922/logs/node-build-1.stdout
 create mode 100644 deployments/release-repair-20260922/logs/node-build-2-dynamic.stdout
 create mode 100644 deployments/release-repair-20260922/logs/node-build-2.stderr
 create mode 100644 deployments/release-repair-20260922/logs/node-build-2.stdout
 create mode 100644 deployments/release-repair-20260922/logs/node-reproducibility.stderr
 create mode 100644 deployments/release-repair-20260922/logs/node-reproducibility.stdout
 create mode 100644 deployments/release-repair-20260922/logs/old-binary-checkpoint-0.stderr
 create mode 100644 deployments/release-repair-20260922/logs/old-binary-checkpoint-0.stdout
 create mode 100644 deployments/release-repair-20260922/logs/old-binary-checkpoint-1.stderr
 create mode 100644 deployments/release-repair-20260922/logs/old-binary-checkpoint-1.stdout
 create mode 100644 deployments/release-repair-20260922/logs/old-binary-checkpoint-2.stderr
 create mode 100644 deployments/release-repair-20260922/logs/old-binary-checkpoint-2.stdout
 create mode 100644 deployments/release-repair-20260922/logs/old-binary-checkpoint-3.stderr
 create mode 100644 deployments/release-repair-20260922/logs/old-binary-checkpoint-3.stdout
 create mode 100644 deployments/release-repair-20260922/logs/old-binary-checkpoint-4.stderr
 create mode 100644 deployments/release-repair-20260922/logs/old-binary-checkpoint-4.stdout
 create mode 100644 deployments/release-repair-20260922/logs/old-binary-checkpoint-5.stderr
 create mode 100644 deployments/release-repair-20260922/logs/old-binary-checkpoint-5.stdout
 create mode 100644 deployments/release-repair-20260922/logs/old-binary-services-validator-0.rpc.stderr.log
 create mode 100644 deployments/release-repair-20260922/logs/old-binary-services-validator-0.rpc.stdout.log
 create mode 100644 deployments/release-repair-20260922/logs/old-binary-services-validator-0.transport.stderr.log
 create mode 100644 deployments/release-repair-20260922/logs/old-binary-services-validator-0.transport.stdout.log
 create mode 100644 deployments/release-repair-20260922/logs/old-binary-services-validator-1.rpc.stderr.log
 create mode 100644 deployments/release-repair-20260922/logs/old-binary-services-validator-1.rpc.stdout.log
 create mode 100644 deployments/release-repair-20260922/logs/old-binary-services-validator-1.transport.stderr.log
 create mode 100644 deployments/release-repair-20260922/logs/old-binary-services-validator-1.transport.stdout.log
 create mode 100644 deployments/release-repair-20260922/logs/old-binary-services-validator-2.rpc.stderr.log
 create mode 100644 deployments/release-repair-20260922/logs/old-binary-services-validator-2.rpc.stdout.log
 create mode 100644 deployments/release-repair-20260922/logs/old-binary-services-validator-2.transport.stderr.log
 create mode 100644 deployments/release-repair-20260922/logs/old-binary-services-validator-2.transport.stdout.log
 create mode 100644 deployments/release-repair-20260922/logs/old-binary-services-validator-3.rpc.stderr.log
 create mode 100644 deployments/release-repair-20260922/logs/old-binary-services-validator-3.rpc.stdout.log
 create mode 100644 deployments/release-repair-20260922/logs/old-binary-services-validator-3.transport.stderr.log
 create mode 100644 deployments/release-repair-20260922/logs/old-binary-services-validator-3.transport.stdout.log
 create mode 100644 deployments/release-repair-20260922/logs/old-binary-services-validator-4.rpc.stderr.log
 create mode 100644 deployments/release-repair-20260922/logs/old-binary-services-validator-4.rpc.stdout.log
 create mode 100644 deployments/release-repair-20260922/logs/old-binary-services-validator-4.transport.stderr.log
 create mode 100644 deployments/release-repair-20260922/logs/old-binary-services-validator-4.transport.stdout.log
 create mode 100644 deployments/release-repair-20260922/logs/old-binary-services-validator-5.rpc.stderr.log
 create mode 100644 deployments/release-repair-20260922/logs/old-binary-services-validator-5.rpc.stdout.log
 create mode 100644 deployments/release-repair-20260922/logs/old-binary-services-validator-5.transport.stderr.log
 create mode 100644 deployments/release-repair-20260922/logs/old-binary-services-validator-5.transport.stdout.log
 create mode 100644 deployments/release-repair-20260922/logs/original-validator-0.stderr
 create mode 100644 deployments/release-repair-20260922/logs/original-validator-0.stdout
 create mode 100644 deployments/release-repair-20260922/logs/original-validator-1.stderr
 create mode 100644 deployments/release-repair-20260922/logs/original-validator-1.stdout
 create mode 100644 deployments/release-repair-20260922/logs/original-validator-2.stderr
 create mode 100644 deployments/release-repair-20260922/logs/original-validator-2.stdout
 create mode 100644 deployments/release-repair-20260922/logs/original-validator-3.stderr
 create mode 100644 deployments/release-repair-20260922/logs/original-validator-3.stdout
 create mode 100644 deployments/release-repair-20260922/logs/original-validator-4.stderr
 create mode 100644 deployments/release-repair-20260922/logs/original-validator-4.stdout
 create mode 100644 deployments/release-repair-20260922/logs/original-validator-5.stderr
 create mode 100644 deployments/release-repair-20260922/logs/original-validator-5.stdout
 create mode 100644 deployments/release-repair-20260922/logs/post-v2-validator-0.stderr
 create mode 100644 deployments/release-repair-20260922/logs/post-v2-validator-0.stdout
 create mode 100644 deployments/release-repair-20260922/logs/post-v2-validator-1.stderr
 create mode 100644 deployments/release-repair-20260922/logs/post-v2-validator-1.stdout
 create mode 100644 deployments/release-repair-20260922/logs/post-v2-validator-2.stderr
 create mode 100644 deployments/release-repair-20260922/logs/post-v2-validator-2.stdout
 create mode 100644 deployments/release-repair-20260922/logs/post-v2-validator-3.stderr
 create mode 100644 deployments/release-repair-20260922/logs/post-v2-validator-3.stdout
 create mode 100644 deployments/release-repair-20260922/logs/post-v2-validator-4.stderr
 create mode 100644 deployments/release-repair-20260922/logs/post-v2-validator-4.stdout
 create mode 100644 deployments/release-repair-20260922/logs/post-v2-validator-5.stderr
 create mode 100644 deployments/release-repair-20260922/logs/post-v2-validator-5.stdout
 create mode 100644 deployments/release-repair-20260922/logs/prepare.log
 create mode 100644 deployments/release-repair-20260922/logs/proof-input-inventory.stderr
 create mode 100644 deployments/release-repair-20260922/logs/proof-input-inventory.stdout
 create mode 100644 deployments/release-repair-20260922/logs/public-doc-links.stderr
 create mode 100644 deployments/release-repair-20260922/logs/public-doc-links.stdout
 create mode 100644 deployments/release-repair-20260922/logs/public-secret-scan.stderr
 create mode 100644 deployments/release-repair-20260922/logs/public-secret-scan.stdout
 create mode 100644 deployments/release-repair-20260922/logs/publication-final-secret-scan.stderr
 create mode 100644 deployments/release-repair-20260922/logs/publication-final-secret-scan.stdout
 create mode 100644 deployments/release-repair-20260922/logs/rollback-services.stderr
 create mode 100644 deployments/release-repair-20260922/logs/rollback-services.stdout
 create mode 100644 deployments/release-repair-20260922/logs/sequence.log
 create mode 100644 deployments/release-repair-20260922/logs/strict-docs.stderr
 create mode 100644 deployments/release-repair-20260922/logs/strict-docs.stdout
 create mode 100644 deployments/release-repair-20260922/logs/v2-services-validator-0.rpc.stderr.log
 create mode 100644 deployments/release-repair-20260922/logs/v2-services-validator-0.rpc.stdout.log
 create mode 100644 deployments/release-repair-20260922/logs/v2-services-validator-0.transport.stderr.log
 create mode 100644 deployments/release-repair-20260922/logs/v2-services-validator-0.transport.stdout.log
 create mode 100644 deployments/release-repair-20260922/logs/v2-services-validator-1.rpc.stderr.log
 create mode 100644 deployments/release-repair-20260922/logs/v2-services-validator-1.rpc.stdout.log
 create mode 100644 deployments/release-repair-20260922/logs/v2-services-validator-1.transport.stderr.log
 create mode 100644 deployments/release-repair-20260922/logs/v2-services-validator-1.transport.stdout.log
 create mode 100644 deployments/release-repair-20260922/logs/v2-services-validator-2.rpc.stderr.log
 create mode 100644 deployments/release-repair-20260922/logs/v2-services-validator-2.rpc.stdout.log
 create mode 100644 deployments/release-repair-20260922/logs/v2-services-validator-2.transport.stderr.log
 create mode 100644 deployments/release-repair-20260922/logs/v2-services-validator-2.transport.stdout.log
 create mode 100644 deployments/release-repair-20260922/logs/v2-services-validator-3.rpc.stderr.log
 create mode 100644 deployments/release-repair-20260922/logs/v2-services-validator-3.rpc.stdout.log
 create mode 100644 deployments/release-repair-20260922/logs/v2-services-validator-3.transport.stderr.log
 create mode 100644 deployments/release-repair-20260922/logs/v2-services-validator-3.transport.stdout.log
 create mode 100644 deployments/release-repair-20260922/logs/v2-services-validator-4.rpc.stderr.log
 create mode 100644 deployments/release-repair-20260922/logs/v2-services-validator-4.rpc.stdout.log
 create mode 100644 deployments/release-repair-20260922/logs/v2-services-validator-4.transport.stderr.log
 create mode 100644 deployments/release-repair-20260922/logs/v2-services-validator-4.transport.stdout.log
 create mode 100644 deployments/release-repair-20260922/logs/v2-services-validator-5.rpc.stderr.log
 create mode 100644 deployments/release-repair-20260922/logs/v2-services-validator-5.rpc.stdout.log
 create mode 100644 deployments/release-repair-20260922/logs/v2-services-validator-5.transport.stderr.log
 create mode 100644 deployments/release-repair-20260922/logs/v2-services-validator-5.transport.stdout.log
 create mode 100644 deployments/release-repair-20260922/logs/workspace-check.stderr
 create mode 100644 deployments/release-repair-20260922/logs/workspace-check.stdout
 create mode 100644 deployments/release-repair-20260922/node-builds.json
 create mode 100644 deployments/release-repair-20260922/old-binary-service-receipt.json
 create mode 100644 deployments/release-repair-20260922/operational-complete.json
 create mode 100644 deployments/release-repair-20260922/preparation.json
 create mode 100644 deployments/release-repair-20260922/publication-gates.json
 create mode 100644 deployments/release-repair-20260922/qualification.json
 create mode 100644 deployments/release-repair-20260922/receipts/fastpay-types.json
 create mode 100644 deployments/release-repair-20260922/receipts/final-candidate-on-rollback-validator-0.json
 create mode 100644 deployments/release-repair-20260922/receipts/format.json
 create mode 100644 deployments/release-repair-20260922/receipts/fresh-v2-validator-0.json
 create mode 100644 deployments/release-repair-20260922/receipts/fresh-v2-validator-1.json
 create mode 100644 deployments/release-repair-20260922/receipts/fresh-v2-validator-2.json
 create mode 100644 deployments/release-repair-20260922/receipts/fresh-v2-validator-3.json
 create mode 100644 deployments/release-repair-20260922/receipts/fresh-v2-validator-4.json
 create mode 100644 deployments/release-repair-20260922/receipts/fresh-v2-validator-5.json
 create mode 100644 deployments/release-repair-20260922/receipts/governance-assemble.json
 create mode 100644 deployments/release-repair-20260922/receipts/governance-batch.json
 create mode 100644 deployments/release-repair-20260922/receipts/governance-create.json
 create mode 100644 deployments/release-repair-20260922/receipts/governance-gate.json
 create mode 100644 deployments/release-repair-20260922/receipts/governance-prepare.json
 create mode 100644 deployments/release-repair-20260922/receipts/governance-sign-0.json
 create mode 100644 deployments/release-repair-20260922/receipts/governance-sign-1.json
 create mode 100644 deployments/release-repair-20260922/receipts/governance-sign-2.json
 create mode 100644 deployments/release-repair-20260922/receipts/governance-sign-3.json
 create mode 100644 deployments/release-repair-20260922/receipts/governance-sign-4.json
 create mode 100644 deployments/release-repair-20260922/receipts/governance-sign-5.json
 create mode 100644 deployments/release-repair-20260922/receipts/node-build-1.json
 create mode 100644 deployments/release-repair-20260922/receipts/node-build-2.json
 create mode 100644 deployments/release-repair-20260922/receipts/node-reproducibility.json
 create mode 100644 deployments/release-repair-20260922/receipts/old-binary-checkpoint-0.json
 create mode 100644 deployments/release-repair-20260922/receipts/old-binary-checkpoint-1.json
 create mode 100644 deployments/release-repair-20260922/receipts/old-binary-checkpoint-2.json
 create mode 100644 deployments/release-repair-20260922/receipts/old-binary-checkpoint-3.json
 create mode 100644 deployments/release-repair-20260922/receipts/old-binary-checkpoint-4.json
 create mode 100644 deployments/release-repair-20260922/receipts/old-binary-checkpoint-5.json
 create mode 100644 deployments/release-repair-20260922/receipts/original-validator-0.json
 create mode 100644 deployments/release-repair-20260922/receipts/original-validator-1.json
 create mode 100644 deployments/release-repair-20260922/receipts/original-validator-2.json
 create mode 100644 deployments/release-repair-20260922/receipts/original-validator-3.json
 create mode 100644 deployments/release-repair-20260922/receipts/original-validator-4.json
 create mode 100644 deployments/release-repair-20260922/receipts/original-validator-5.json
 create mode 100644 deployments/release-repair-20260922/receipts/post-v2-validator-0.json
 create mode 100644 deployments/release-repair-20260922/receipts/post-v2-validator-1.json
 create mode 100644 deployments/release-repair-20260922/receipts/post-v2-validator-2.json
 create mode 100644 deployments/release-repair-20260922/receipts/post-v2-validator-3.json
 create mode 100644 deployments/release-repair-20260922/receipts/post-v2-validator-4.json
 create mode 100644 deployments/release-repair-20260922/receipts/post-v2-validator-5.json
 create mode 100644 deployments/release-repair-20260922/receipts/proof-input-inventory.json
 create mode 100644 deployments/release-repair-20260922/receipts/public-doc-links.json
 create mode 100644 deployments/release-repair-20260922/receipts/public-secret-scan.json
 create mode 100644 deployments/release-repair-20260922/receipts/publication-final-secret-scan.json
 create mode 100644 deployments/release-repair-20260922/receipts/relocation-post-v2-validator-0.json
 create mode 100644 deployments/release-repair-20260922/receipts/relocation-post-v2-validator-1.json
 create mode 100644 deployments/release-repair-20260922/receipts/relocation-post-v2-validator-2.json
 create mode 100644 deployments/release-repair-20260922/receipts/relocation-post-v2-validator-3.json
 create mode 100644 deployments/release-repair-20260922/receipts/relocation-post-v2-validator-4.json
 create mode 100644 deployments/release-repair-20260922/receipts/relocation-post-v2-validator-5.json
 create mode 100644 deployments/release-repair-20260922/receipts/relocation-rollback-validator-0.json
 create mode 100644 deployments/release-repair-20260922/receipts/relocation-rollback-validator-1.json
 create mode 100644 deployments/release-repair-20260922/receipts/relocation-rollback-validator-2.json
 create mode 100644 deployments/release-repair-20260922/receipts/relocation-rollback-validator-3.json
 create mode 100644 deployments/release-repair-20260922/receipts/relocation-rollback-validator-4.json
 create mode 100644 deployments/release-repair-20260922/receipts/relocation-rollback-validator-5.json
 create mode 100644 deployments/release-repair-20260922/receipts/relocation-working-validator-0.json
 create mode 100644 deployments/release-repair-20260922/receipts/relocation-working-validator-1.json
 create mode 100644 deployments/release-repair-20260922/receipts/relocation-working-validator-2.json
 create mode 100644 deployments/release-repair-20260922/receipts/relocation-working-validator-3.json
 create mode 100644 deployments/release-repair-20260922/receipts/relocation-working-validator-4.json
 create mode 100644 deployments/release-repair-20260922/receipts/relocation-working-validator-5.json
 create mode 100644 deployments/release-repair-20260922/receipts/rollback-services.json
 create mode 100644 deployments/release-repair-20260922/receipts/strict-docs.json
 create mode 100644 deployments/release-repair-20260922/receipts/workspace-check.json
 create mode 100644 deployments/release-repair-20260922/software-gates.json
 create mode 100644 deployments/release-repair-20260922/task-node.json
 create mode 100644 deployments/release-repair-20260922/v2-service-receipt.json
 create mode 100644 deployments/release-repair-20260922/verification-commands.md
