    Checking fips204 v0.4.6 (/tmp/qualify-fix-20260922/third_party/fips204)
    Checking postfiat-types v0.1.0 (/tmp/qualify-fix-20260922/crates/types)
    Checking postfiat-crypto-provider v0.1.0 (/tmp/qualify-fix-20260922/crates/crypto_provider)
    Checking postfiat-proofs v0.1.0 (/tmp/qualify-fix-20260922/crates/proofs)
    Checking halo2_proofs v0.3.2 (/tmp/qualify-fix-20260922/third_party/halo2_proofs)
    Checking halo2_gadgets v0.5.0
    Checking orchard v0.14.0
    Checking postfiat-privacy-orchard v0.1.0 (/tmp/qualify-fix-20260922/crates/privacy_orchard)
   Compiling postfiat-node v0.1.0 (/tmp/qualify-fix-20260922/crates/node)
    Checking postfiat-network v0.1.0 (/tmp/qualify-fix-20260922/crates/network)
   Compiling postfiat-bench v0.1.0 (/tmp/qualify-fix-20260922/crates/bench_harness)
    Checking arc-conformance v0.1.0 (/tmp/qualify-fix-20260922/crates/arc-conformance)
    Checking postfiat-cobalt-adversarial-oracle v0.1.0 (/tmp/qualify-fix-20260922/crates/cobalt_adversarial_oracle)
    Checking postfiat-cobalt-decision-oracle v0.1.0 (/tmp/qualify-fix-20260922/crates/cobalt_decision_oracle)
    Checking postfiat-fastswap-model v0.1.0 (/tmp/qualify-fix-20260922/crates/fastswap_model)
    Checking postfiat-bridge v0.1.0 (/tmp/qualify-fix-20260922/crates/bridge)
    Checking postfiat-nav-reserve-protocol v0.1.0 (/tmp/qualify-fix-20260922/crates/nav_reserve_protocol)
    Checking postfiat-execution v0.1.0 (/tmp/qualify-fix-20260922/crates/execution)
    Checking postfiat-mempool-dag v0.1.0 (/tmp/qualify-fix-20260922/crates/mempool_dag)
    Checking postfiat-consensus-cobalt v0.1.0 (/tmp/qualify-fix-20260922/crates/consensus_cobalt)
    Checking postfiat-rpc-sdk v0.1.0 (/tmp/qualify-fix-20260922/crates/rpc_sdk)
    Checking postfiat-ordering-fast v0.1.0 (/tmp/qualify-fix-20260922/crates/ordering_fast)
    Checking postfiat-storage v0.1.0 (/tmp/qualify-fix-20260922/crates/storage)
    Checking postfiat-privacy v0.1.0 (/tmp/qualify-fix-20260922/crates/privacy)
    Checking postfiat-pfusdc-proofs v0.1.0 (/tmp/qualify-fix-20260922/crates/pfusdc_proofs)
    Checking postfiat-pftl-uniswap-proofs v0.1.0 (/tmp/qualify-fix-20260922/crates/pftl_uniswap_proofs)
    Checking postfiat-fastpay-prototype v0.1.0 (/tmp/qualify-fix-20260922/crates/fastpay-prototype)
    Checking postfiat-fuzz v0.1.0 (/tmp/qualify-fix-20260922/crates/fuzz_harness)
    Checking postfiat-cobalt-e2-harness v0.1.0 (/tmp/qualify-fix-20260922/crates/cobalt_e2_harness)
    Checking postfiat-cobalt-e3-harness v0.1.0 (/tmp/qualify-fix-20260922/crates/cobalt_e3_harness)
    Checking postfiat-wallet-wasm v0.1.0 (/tmp/qualify-fix-20260922/crates/wallet_wasm)
    Checking postfiat-cobalt-e1-harness v0.1.0 (/tmp/qualify-fix-20260922/crates/cobalt_e1_harness)
    Finished `dev` profile [unoptimized + debuginfo] target(s) in 1m 18s
