   Compiling proc-macro2 v1.0.106
   Compiling unicode-ident v1.0.24
   Compiling quote v1.0.45
   Compiling cfg-if v1.0.4
   Compiling libc v0.2.186
   Compiling syn v2.0.117
   Compiling getrandom v0.2.17
   Compiling rand_core v0.6.4
   Compiling autocfg v1.5.0
   Compiling num-traits v0.2.19
   Compiling serde_core v1.0.228
   Compiling serde v1.0.228
   Compiling serde_derive v1.0.228
   Compiling zerocopy v0.8.48
   Compiling either v1.15.0
   Compiling crossbeam-utils v0.8.21
   Compiling ppv-lite86 v0.2.21
   Compiling rand_chacha v0.3.1
   Compiling subtle v2.6.1
   Compiling rand v0.8.6
   Compiling crossbeam-epoch v0.9.20
   Compiling once_cell v1.21.4
   Compiling version_check v0.9.5
   Compiling num-integer v0.1.46
   Compiling pin-project-lite v0.2.17
   Compiling crossbeam-deque v0.8.6
   Compiling zeroize_derive v1.4.3
   Compiling rayon-core v1.13.0
   Compiling typenum v1.20.0
   Compiling zeroize v1.8.2
   Compiling num-bigint v0.4.6
   Compiling tracing-core v0.1.36
   Compiling rayon v1.12.0
   Compiling tracing-attributes v0.1.31
   Compiling generic-array v0.14.7
   Compiling tracing v0.1.44
   Compiling itertools v0.12.1
   Compiling p3-util v0.4.3-succinct
   Compiling crypto-common v0.1.7
   Compiling p3-maybe-rayon v0.4.3-succinct
   Compiling memchr v2.8.0
   Compiling p3-field v0.4.3-succinct
   Compiling p3-matrix v0.4.3-succinct
   Compiling const-oid v0.9.6
   Compiling p3-symmetric v0.4.3-succinct
   Compiling num-bigint v0.3.3
   Compiling syn v1.0.109
   Compiling radium v0.7.0
   Compiling tap v1.0.1
   Compiling byteorder v1.5.0
   Compiling wyz v0.5.1
   Compiling addchain v0.2.1
   Compiling block-buffer v0.10.4
   Compiling funty v2.0.0
   Compiling bitvec v1.0.1
   Compiling ff_derive v0.13.1
   Compiling digest v0.10.7
   Compiling cpufeatures v0.2.17
   Compiling spin v0.9.9
   Compiling lazy_static v1.5.0
   Compiling arrayvec v0.7.6
   Compiling ff v0.13.1
   Compiling p3-dft v0.4.3-succinct
   Compiling p3-challenger v0.4.3-succinct
   Compiling futures-core v0.3.32
   Compiling thiserror v1.0.69
   Compiling futures-sink v0.3.32
   Compiling futures-channel v0.3.32
   Compiling itertools v0.14.0
   Compiling futures-macro v0.3.32
   Compiling thiserror-impl v1.0.69
   Compiling futures-io v0.3.32
   Compiling futures-task v0.3.32
   Compiling slab v0.4.12
   Compiling futures-util v0.3.32
   Compiling slop-algebra v6.3.1
   Compiling sha2 v0.10.9
   Compiling semver v1.0.28
   Compiling rustc_version v0.4.1
   Compiling futures-executor v0.3.32
   Compiling p3-mds v0.4.3-succinct
   Compiling futures v0.3.32
   Compiling gcd v2.3.0
   Compiling p3-poseidon2 v0.4.3-succinct
   Compiling p3-commit v0.4.3-succinct
   Compiling hybrid-array v0.4.11
   Compiling slop-symmetric v6.3.1
   Compiling arrayref v0.3.9
   Compiling constant_time_eq v0.4.2
   Compiling slop-challenger v6.3.1
   Compiling crypto-common v0.2.1
   Compiling block-buffer v0.12.0
   Compiling crossbeam-channel v0.5.15
   Compiling crossbeam-queue v0.3.12
   Compiling pin-project-internal v1.1.13
   Compiling const-oid v0.10.2
   Compiling zmij v1.0.21
   Compiling digest v0.11.3
   Compiling crossbeam v0.8.4
   Compiling slop-poseidon2 v6.3.1
   Compiling pin-project v1.1.13
   Compiling slop-alloc v6.3.1
   Compiling tokio v1.52.3
   Compiling keccak v0.2.0
   Compiling serde_json v1.0.149
   Compiling strength_reduce v0.2.4
   Compiling regex-syntax v0.8.11
   Compiling regex-automata v0.4.14
   Compiling slop-futures v6.3.1
   Compiling transpose v0.2.3
   Compiling sha3 v0.11.0
   Compiling p3-baby-bear v0.4.3-succinct
   Compiling p3-koala-bear v0.4.3-succinct
   Compiling slop-matrix v6.3.1
   Compiling derive-where v1.6.1
   Compiling itoa v1.0.18
   Compiling log v0.4.32
   Compiling tracing-log v0.2.0
   Compiling slop-tensor v6.3.1
   Compiling matchers v0.2.0
   Compiling sharded-slab v0.1.7
   Compiling smallvec v1.15.2
   Compiling thread_local v1.1.9
   Compiling nu-ansi-term v0.50.3
   Compiling keccak v0.1.6
   Compiling tracing-subscriber v0.3.23
   Compiling sha3 v0.10.9
   Compiling slop-commit v6.3.1
   Compiling p3-bn254-fr v0.4.3-succinct
   Compiling ansi_term v0.12.1
   Compiling static_assertions v1.1.0
   Compiling memuse v0.2.2
   Compiling tracing-forest v0.1.6
   Compiling slop-bn254 v6.3.1
   Compiling slop-koala-bear v6.3.1
   Compiling slop-baby-bear v6.3.1
   Compiling fips204 v0.4.6 (/home/postfiatchad/.cache/release-repair-20260922/source-2/third_party/fips204)
   Compiling num_cpus v1.17.0
   Compiling half v1.8.3
   Compiling serde_cbor v0.11.2
   Compiling slop-multilinear v6.3.1
   Compiling postfiat-crypto-provider v0.1.0 (/home/postfiatchad/.cache/release-repair-20260922/source-2/crates/crypto_provider)
   Compiling slop-utils v6.3.1
   Compiling group v0.13.0
   Compiling p3-merkle-tree v0.4.3-succinct
   Compiling slop-primitives v6.3.1
   Compiling p3-interpolation v0.4.3-succinct
   Compiling hex v0.4.3
   Compiling p3-fri v0.4.3-succinct
   Compiling slop-merkle-tree v6.3.1
   Compiling postfiat-types v0.1.0 (/home/postfiatchad/.cache/release-repair-20260922/source-2/crates/types)
   Compiling shlex v2.0.1
   Compiling find-msvc-tools v0.1.9
   Compiling cc v1.2.64
   Compiling slop-fri v6.3.1
   Compiling slop-basefold v6.3.1
   Compiling slop-dft v6.3.1
   Compiling blake2b_simd v1.0.4
   Compiling ahash v0.8.12
   Compiling crunchy v0.2.4
   Compiling slop-basefold-prover v6.3.1
   Compiling blake3 v1.8.5
   Compiling p3-air v0.4.3-succinct
   Compiling inout v0.1.4
   Compiling cipher v0.4.4
   Compiling slop-stacked v6.3.1
   Compiling slop-sumcheck v6.3.1
   Compiling allocator-api2 v0.2.21
   Compiling adler2 v2.0.1
   Compiling object v0.37.3
   Compiling heck v0.5.0
   Compiling simd-adler32 v0.3.10
   Compiling cpufeatures v0.3.0
   Compiling miniz_oxide v0.8.9
   Compiling strum_macros v0.27.2
   Compiling hashbrown v0.14.5
   Compiling slop-jagged v6.3.1
   Compiling p3-uni-stark v0.4.3-succinct
   Compiling pasta_curves v0.5.1
   Compiling bincode v1.3.3
   Compiling deepsize_derive2 v0.1.0
   Compiling struct-reflection-derive v0.1.0
   Compiling range-set-blaze v0.1.16
   Compiling gimli v0.32.3
   Compiling elf v0.7.4
   Compiling sp1-primitives v6.3.1
   Compiling addr2line v0.25.1
   Compiling struct-reflection v0.1.0
   Compiling deepsize2 v0.1.0
   Compiling slop-uni-stark v6.3.1
   Compiling slop-whir v6.3.1
   Compiling strum v0.27.2
   Compiling slop-air v6.3.1
   Compiling sp1-derive v6.3.1
   Compiling der v0.7.10
   Compiling rayon-scan v0.1.1
   Compiling indexmap v1.9.3
   Compiling rustc-demangle v0.1.27
   Compiling gen_ops v0.4.0
   Compiling thousands v0.2.0
   Compiling sp1-hypercube v6.3.1
   Compiling backtrace v0.3.76
   Compiling slop-maybe-rayon v6.3.1
   Compiling universal-hash v0.5.1
   Compiling bytemuck_derive v1.10.2
   Compiling opaque-debug v0.3.1
   Compiling libm v0.2.16
   Compiling hashbrown v0.12.3
   Compiling thiserror v2.0.18
   Compiling bytemuck v1.25.0
   Compiling poly1305 v0.8.0
   Compiling sp1-recursion-executor v6.3.1
   Compiling spki v0.7.3
   Compiling chacha20 v0.9.1
   Compiling bls12_381 v0.8.0
   Compiling aead v0.5.2
   Compiling maybe-rayon v0.1.1
   Compiling thiserror-impl v2.0.18
   Compiling proc-macro-error-attr2 v2.0.0
   Compiling halo2_legacy_pdqsort v0.1.0
   Compiling base16ct v0.2.0
   Compiling rustc-hex v2.1.0
   Compiling crc32fast v1.5.0
   Compiling substrate-bn-succinct-rs v0.6.0
   Compiling sec1 v0.7.3
   Compiling halo2_proofs v0.3.2 (/home/postfiatchad/.cache/release-repair-20260922/source-2/third_party/halo2_proofs)
   Compiling proc-macro-error2 v2.0.1
   Compiling chacha20poly1305 v0.10.1
   Compiling sp1-recursion-machine v6.3.1
   Compiling jubjub v0.10.0
   Compiling pkcs8 v0.10.2
   Compiling sinsemilla v0.1.0
   Compiling halo2_poseidon v0.1.0
   Compiling postfiat-mempool-dag v0.1.0 (/home/postfiatchad/.cache/release-repair-20260922/source-2/crates/mempool_dag)
   Compiling uint v0.9.5
   Compiling cbc v0.1.2
   Compiling zcash_spec v0.2.1
   Compiling hmac v0.12.1
   Compiling crypto-bigint v0.5.5
   Compiling redb v4.2.0
   Compiling bech32 v0.11.1
   Compiling zip32 v0.2.1
   Compiling elliptic-curve v0.13.8
   Compiling rfc6979 v0.4.0
   Compiling fpe v0.6.1
   Compiling halo2_gadgets v0.5.0
   Compiling postfiat-ordering-fast v0.1.0 (/home/postfiatchad/.cache/release-repair-20260922/source-2/crates/ordering_fast)
   Compiling reddsa v0.5.1
   Compiling sp1-verifier v6.3.1
   Compiling zcash_note_encryption v0.4.1
   Compiling getset v0.1.6
   Compiling postfiat-bridge v0.1.0 (/home/postfiatchad/.cache/release-repair-20260922/source-2/crates/bridge)
   Compiling postfiat-nav-reserve-protocol v0.1.0 (/home/postfiatchad/.cache/release-repair-20260922/source-2/crates/nav_reserve_protocol)
   Compiling postfiat-consensus-cobalt v0.1.0 (/home/postfiatchad/.cache/release-repair-20260922/source-2/crates/consensus_cobalt)
   Compiling aes v0.8.4
   Compiling signature v2.2.0
   Compiling incrementalmerkletree v0.8.2
   Compiling visibility v0.1.1
   Compiling corez v0.1.1
   Compiling nonempty v0.11.0
   Compiling orchard v0.14.0
   Compiling ecdsa v0.16.9
   Compiling postfiat-pfusdc-proofs v0.1.0 (/home/postfiatchad/.cache/release-repair-20260922/source-2/crates/pfusdc_proofs)
   Compiling postfiat-execution v0.1.0 (/home/postfiatchad/.cache/release-repair-20260922/source-2/crates/execution)
   Compiling flate2 v1.1.9
   Compiling postfiat-proofs v0.1.0 (/home/postfiatchad/.cache/release-repair-20260922/source-2/crates/proofs)
   Compiling base64 v0.22.1
   Compiling postfiat-node v0.1.0 (/home/postfiatchad/.cache/release-repair-20260922/source-2/crates/node)
   Compiling postfiat-rpc-sdk v0.1.0 (/home/postfiatchad/.cache/release-repair-20260922/source-2/crates/rpc_sdk)
   Compiling postfiat-privacy v0.1.0 (/home/postfiatchad/.cache/release-repair-20260922/source-2/crates/privacy)
   Compiling postfiat-storage v0.1.0 (/home/postfiatchad/.cache/release-repair-20260922/source-2/crates/storage)
   Compiling postfiat-pftl-uniswap-proofs v0.1.0 (/home/postfiatchad/.cache/release-repair-20260922/source-2/crates/pftl_uniswap_proofs)
   Compiling k256 v0.13.4
   Compiling postfiat-privacy-orchard v0.1.0 (/home/postfiatchad/.cache/release-repair-20260922/source-2/crates/privacy_orchard)
   Compiling postfiat-network v0.1.0 (/home/postfiatchad/.cache/release-repair-20260922/source-2/crates/network)
    Finished `release` profile [optimized] target(s) in 6m 54s
