{"packet": "/tmp/qualify-20260922/deployments/release-repair-20260922", "result": "FAIL", "files": 290, "updated_at": "2026-09-22T09:29:16.782277+00:00"}
2026-09-22T09:29:16.817498+00:00 START strict-docs
2026-09-22T09:29:21.826421+00:00 PASS strict-docs (5.0s)
2026-09-22T09:29:21.827424+00:00 START public-doc-links
2026-09-22T09:29:26.835389+00:00 PASS public-doc-links (5.0s)
2026-09-22T09:29:26.836431+00:00 START public-secret-scan
2026-09-22T09:29:39.847138+00:00 PASS public-secret-scan (13.0s)
{"packet": "/tmp/qualify-20260922/deployments/release-repair-20260922", "result": "FAIL", "files": 290, "updated_at": "2026-09-22T09:29:39.934710+00:00"}
2026-09-22T09:29:39.982291+00:00 START publication-final-secret-scan
2026-09-22T09:29:52.992471+00:00 PASS publication-final-secret-scan (13.0s)
{"packet": "/tmp/qualify-20260922/deployments/release-repair-20260922", "result": "FAIL", "files": 290, "updated_at": "2026-09-22T09:29:53.060516+00:00"}
deployments/release-repair-20260922/logs/checkpoint-push.stderr:1: trailing whitespace.
+remote: 
deployments/release-repair-20260922/logs/checkpoint-push.stderr:2: trailing whitespace.
+remote: GitHub found 1 vulnerability on postfiatorg/postfiatl1v2's default branch (1 moderate). To find out more, visit:        
deployments/release-repair-20260922/logs/checkpoint-push.stderr:3: trailing whitespace.
+remote:      https://github.com/postfiatorg/postfiatl1v2/security/dependabot/2        
deployments/release-repair-20260922/logs/checkpoint-push.stderr:4: trailing whitespace.
+remote: 
deployments/release-repair-20260922/logs/cobalt-handoff-tests.stdout:18: new blank line at EOF.
deployments/release-repair-20260922/logs/fastpay-execution.stdout:16: new blank line at EOF.
deployments/release-repair-20260922/logs/fastpay-types.stdout:14: new blank line at EOF.
deployments/release-repair-20260922/logs/live-replay-supply.stdout:6: new blank line at EOF.
deployments/release-repair-20260922/logs/warm-latency.stdout:6: new blank line at EOF.
Traceback (most recent call last):
  File "/home/postfiatchad/.cache/release-repair-20260922/tools/publish.py", line 30, in <module>
    subprocess.run(['git','diff','--cached','--check'],cwd=REPO,check=True)
    ~~~~~~~~~~~~~~^^^^^^^^^^^^^^^^^^^^^^^^^^^^^^^^^^^^^^^^^^^^^^^^^^^^^^^^^
  File "/usr/lib/python3.14/subprocess.py", line 578, in run
    raise CalledProcessError(retcode, process.args,
                             output=stdout, stderr=stderr)
subprocess.CalledProcessError: Command '['git', 'diff', '--cached', '--check']' returned non-zero exit status 2.
