2026-09-22T08:04:30.444435+00:00 START original-validator-0
2026-09-22T08:07:44.525676+00:00 PASS original-validator-0 (194.1s)
2026-09-22T08:07:44.527481+00:00 START original-validator-1
2026-09-22T08:10:56.609843+00:00 PASS original-validator-1 (192.1s)
2026-09-22T08:10:56.611861+00:00 START original-validator-2
2026-09-22T08:14:08.695571+00:00 PASS original-validator-2 (192.1s)
2026-09-22T08:14:08.697564+00:00 START original-validator-3
2026-09-22T08:17:20.777989+00:00 PASS original-validator-3 (192.1s)
2026-09-22T08:17:20.779011+00:00 START original-validator-4
2026-09-22T08:20:32.864365+00:00 PASS original-validator-4 (192.1s)
2026-09-22T08:20:32.866406+00:00 START original-validator-5
2026-09-22T08:23:44.950219+00:00 PASS original-validator-5 (192.1s)
2026-09-22T08:23:44.952548+00:00 START post-v2-validator-0
2026-09-22T08:26:58.033835+00:00 PASS post-v2-validator-0 (193.1s)
2026-09-22T08:26:58.036139+00:00 START post-v2-validator-1
2026-09-22T08:30:11.122684+00:00 PASS post-v2-validator-1 (193.1s)
2026-09-22T08:30:11.125116+00:00 START post-v2-validator-2
2026-09-22T08:33:23.207139+00:00 PASS post-v2-validator-2 (192.1s)
2026-09-22T08:33:23.209626+00:00 START post-v2-validator-3
2026-09-22T08:36:36.296379+00:00 PASS post-v2-validator-3 (193.1s)
2026-09-22T08:36:36.297609+00:00 START post-v2-validator-4
2026-09-22T08:39:48.381112+00:00 PASS post-v2-validator-4 (192.1s)
2026-09-22T08:39:48.383396+00:00 START post-v2-validator-5
2026-09-22T08:43:00.463241+00:00 PASS post-v2-validator-5 (192.1s)
2026-09-22T08:43:00.465621+00:00 START governance-prepare
2026-09-22T08:43:10.474953+00:00 PASS governance-prepare (10.0s)
2026-09-22T08:43:10.475803+00:00 START governance-gate
2026-09-22T08:43:47.496327+00:00 PASS governance-gate (37.0s)
2026-09-22T08:43:47.498210+00:00 START old-binary-checkpoint-0
2026-09-22T08:43:51.505729+00:00 PASS old-binary-checkpoint-0 (4.0s)
2026-09-22T08:43:51.508132+00:00 START old-binary-checkpoint-1
2026-09-22T08:43:55.515166+00:00 PASS old-binary-checkpoint-1 (4.0s)
2026-09-22T08:43:55.517524+00:00 START old-binary-checkpoint-2
2026-09-22T08:43:59.523098+00:00 PASS old-binary-checkpoint-2 (4.0s)
2026-09-22T08:43:59.525410+00:00 START old-binary-checkpoint-3
2026-09-22T08:44:03.531452+00:00 PASS old-binary-checkpoint-3 (4.0s)
2026-09-22T08:44:03.534197+00:00 START old-binary-checkpoint-4
2026-09-22T08:44:07.540919+00:00 PASS old-binary-checkpoint-4 (4.0s)
2026-09-22T08:44:07.543210+00:00 START old-binary-checkpoint-5
2026-09-22T08:44:11.550127+00:00 PASS old-binary-checkpoint-5 (4.0s)
2026-09-22T08:44:11.552704+00:00 START rollback-services
2026-09-22T08:44:39.569748+00:00 PASS rollback-services (28.0s)
2026-09-22T08:44:39.570157+00:00 START final-candidate-on-rollback-validator-0
2026-09-22T08:47:51.650109+00:00 PASS final-candidate-on-rollback-validator-0 (192.1s)
2026-09-22T08:47:51.761785+00:00 START fresh-v2-validator-0
2026-09-22T08:51:03.845675+00:00 PASS fresh-v2-validator-0 (192.1s)
2026-09-22T08:51:03.914407+00:00 START fresh-v2-validator-1
2026-09-22T08:54:16.999066+00:00 PASS fresh-v2-validator-1 (193.1s)
2026-09-22T08:54:17.067482+00:00 START fresh-v2-validator-2
2026-09-22T08:57:28.149947+00:00 PASS fresh-v2-validator-2 (191.1s)
2026-09-22T08:57:28.219691+00:00 START fresh-v2-validator-3
2026-09-22T09:00:41.303413+00:00 PASS fresh-v2-validator-3 (193.1s)
2026-09-22T09:00:41.373214+00:00 START fresh-v2-validator-4
2026-09-22T09:03:53.455379+00:00 PASS fresh-v2-validator-4 (192.1s)
2026-09-22T09:03:53.522970+00:00 START fresh-v2-validator-5
2026-09-22T09:07:06.604620+00:00 PASS fresh-v2-validator-5 (193.1s)
2026-09-22T09:07:06.737993+00:00 START format
2026-09-22T09:07:08.742793+00:00 PASS format (2.0s)
2026-09-22T09:07:08.743860+00:00 START proof-input-inventory
2026-09-22T09:07:09.749011+00:00 FAIL proof-input-inventory (1.0s)
2026-09-22T09:07:09.758134+00:00 START workspace-check
2026-09-22T09:07:43.776689+00:00 PASS workspace-check (34.0s)
2026-09-22T09:07:43.788318+00:00 START fastpay-types
2026-09-22T09:08:42.816555+00:00 PASS fastpay-types (59.0s)
2026-09-22T09:08:42.829326+00:00 START fastpay-execution
2026-09-22T09:10:04.868581+00:00 PASS fastpay-execution (82.0s)
2026-09-22T09:10:04.880626+00:00 START node-fastpay
2026-09-22T09:15:05.021535+00:00 TIMEOUT node-fastpay (300.1s)
2026-09-22T09:15:05.035490+00:00 START live-replay-supply
2026-09-22T09:19:04.135748+00:00 PASS live-replay-supply (239.1s)
2026-09-22T09:19:04.147922+00:00 START warm-latency
2026-09-22T09:24:03.276714+00:00 PASS warm-latency (299.1s)
2026-09-22T09:24:03.288943+00:00 START workspace-clippy
2026-09-22T09:24:59.316314+00:00 FAIL workspace-clippy (56.0s)
2026-09-22T09:24:59.328681+00:00 START cobalt-handoff-tests
2026-09-22T09:29:02.432773+00:00 PASS cobalt-handoff-tests (243.1s)
