
[31m │  ⚠  Warning from the Material for MkDocs team[0m
[31m │[0m
[31m │[0m  MkDocs 2.0, the underlying framework of Material for MkDocs,
[31m │[0m  will introduce backward-incompatible changes, including:
[31m │[0m
[31m │  × [0mAll plugins will stop working – the plugin system has been removed
[31m │  × [0mAll theme overrides will break – the theming system has been rewritten
[31m │  × [0mNo migration path exists – existing projects cannot be upgraded
[31m │  × [0mClosed contribution model – community members can't report bugs
[31m │  × [0mCurrently unlicensed – unsuitable for production use
[31m │[0m
[31m │[0m  Our full analysis:
[31m │[0m
[31m │[0m  [4mhttps://squidfunk.github.io/mkdocs-material/blog/2026/02/18/mkdocs-2.0/[0m
[0m
INFO    -  Cleaning site directory
INFO    -  Building documentation to directory: /tmp/shielded-cover-docs-build
INFO    -  The following pages exist in the docs directory, but are not included in the "nav" configuration:
  - SESSION-HANDOFF-2026-06-15.md
  - hypersphere-crypto-denominated-navcoin-proposal.md
  - private-swap-cli.md
  - current-sprint/generalized-navcoin-cli-wallet.md
  - current-sprint/generalized-wallet-ux-backend-api.md
  - current-sprint/hyperliquid-cover-pilot.md
  - status/pfusdc-vault-usdc-recovery-2026-07-03.md
  - status/ruling81-start-new-session-review-2026-07-08.md
  - status/shielded-nav-swap-audit.md
INFO    -  Documentation built in 0.72 seconds
