2026-09-25T10:34:26.338971+00:00 START original-validator-0
2026-09-25T10:37:43.421451+00:00 PASS original-validator-0 (197.1s)
2026-09-25T10:37:43.485988+00:00 START original-validator-1
2026-09-25T10:40:59.565167+00:00 PASS original-validator-1 (196.1s)
2026-09-25T10:40:59.671360+00:00 START original-validator-2
2026-09-25T10:44:14.751073+00:00 PASS original-validator-2 (195.1s)
2026-09-25T10:44:14.845543+00:00 START original-validator-3
2026-09-25T10:47:31.926855+00:00 PASS original-validator-3 (197.1s)
2026-09-25T10:47:32.015387+00:00 START original-validator-4
2026-09-25T10:50:48.096949+00:00 PASS original-validator-4 (196.1s)
2026-09-25T10:50:48.198521+00:00 START original-validator-5
2026-09-25T10:54:01.279601+00:00 PASS original-validator-5 (193.1s)
2026-09-25T10:54:04.967337+00:00 START r4-full-replay-probe-validator-0
2026-09-25T10:57:17.046767+00:00 FAIL r4-full-replay-probe-validator-0 (192.1s)
2026-09-25T10:57:17.090186+00:00 START post-v2-validator-0
2026-09-25T11:00:31.169734+00:00 PASS post-v2-validator-0 (194.1s)
2026-09-25T11:00:31.240308+00:00 START post-v2-validator-1
2026-09-25T11:03:47.318433+00:00 PASS post-v2-validator-1 (196.1s)
2026-09-25T11:03:47.362125+00:00 START post-v2-validator-2
2026-09-25T11:07:02.442677+00:00 PASS post-v2-validator-2 (195.1s)
2026-09-25T11:07:02.504991+00:00 START post-v2-validator-3
2026-09-25T11:10:17.585637+00:00 PASS post-v2-validator-3 (195.1s)
2026-09-25T11:10:17.631304+00:00 START post-v2-validator-4
2026-09-25T11:13:31.711372+00:00 PASS post-v2-validator-4 (194.1s)
2026-09-25T11:13:31.782614+00:00 START post-v2-validator-5
2026-09-25T11:16:46.863595+00:00 PASS post-v2-validator-5 (195.1s)
2026-09-25T11:16:46.933859+00:00 START governance-prepare
2026-09-25T11:16:56.942664+00:00 PASS governance-prepare (10.0s)
2026-09-25T11:16:56.943473+00:00 START governance-gate
2026-09-25T11:17:34.962679+00:00 PASS governance-gate (38.0s)
2026-09-25T11:17:34.963511+00:00 START fresh-v2-validator-0
2026-09-25T11:20:51.046591+00:00 PASS fresh-v2-validator-0 (196.1s)
2026-09-25T11:20:51.161333+00:00 START fresh-v2-validator-1
2026-09-25T11:24:08.246674+00:00 PASS fresh-v2-validator-1 (197.1s)
2026-09-25T11:24:08.359454+00:00 START fresh-v2-validator-2
2026-09-25T11:27:24.442479+00:00 PASS fresh-v2-validator-2 (196.1s)
2026-09-25T11:27:24.557070+00:00 START fresh-v2-validator-3
2026-09-25T11:30:41.642053+00:00 PASS fresh-v2-validator-3 (197.1s)
2026-09-25T11:30:41.729914+00:00 START fresh-v2-validator-4
