
Dynamic section at offset 0x3351d18 contains 30 entries:
  Tag        Type                         Name/Value
 0x0000000000000001 (NEEDED)             Shared library: [libgcc_s.so.1]
 0x0000000000000001 (NEEDED)             Shared library: [libm.so.6]
 0x0000000000000001 (NEEDED)             Shared library: [libc.so.6]
 0x0000000000000001 (NEEDED)             Shared library: [ld-linux-x86-64.so.2]
 0x000000000000000c (INIT)               0x8c000
 0x000000000000000d (FINI)               0x25592ec
 0x0000000000000019 (INIT_ARRAY)         0x32f2690
 0x000000000000001b (INIT_ARRAYSZ)       16 (bytes)
 0x000000000000001a (FINI_ARRAY)         0x32f26a0
 0x000000000000001c (FINI_ARRAYSZ)       8 (bytes)
 0x000000006ffffef5 (GNU_HASH)           0x3c8
 0x0000000000000005 (STRTAB)             0x1368
 0x0000000000000006 (SYMTAB)             0x3f0
 0x000000000000000a (STRSZ)              2248 (bytes)
 0x000000000000000b (SYMENT)             24 (bytes)
 0x0000000000000015 (DEBUG)              0x0
 0x0000000000000003 (PLTGOT)             0x3351f38
 0x0000000000000002 (PLTRELSZ)           48 (bytes)
 0x0000000000000014 (PLTREL)             RELA
 0x0000000000000017 (JMPREL)             0x8ba50
 0x0000000000000007 (RELA)               0x1f60
 0x0000000000000008 (RELASZ)             563952 (bytes)
 0x0000000000000009 (RELAENT)            24 (bytes)
 0x000000000000001e (FLAGS)              BIND_NOW
 0x000000006ffffffb (FLAGS_1)            Flags: NOW PIE
 0x000000006ffffffe (VERNEED)            0x1d80
 0x000000006fffffff (VERNEEDNUM)         4
 0x000000006ffffff0 (VERSYM)             0x1c30
 0x000000006ffffff9 (RELACOUNT)          23337
 0x0000000000000000 (NULL)               0x0
