2026-09-25T10:41:35.105983+00:00 START format
2026-09-25T10:41:37.110169+00:00 PASS format (2.0s)
2026-09-25T10:41:37.111902+00:00 START proof-input-inventory
2026-09-25T10:41:38.117798+00:00 PASS proof-input-inventory (1.0s)
2026-09-25T10:41:38.131232+00:00 START workspace-check
2026-09-25T10:42:14.150971+00:00 PASS workspace-check (36.0s)
2026-09-25T10:42:14.165404+00:00 START view-recovery-bin
2026-09-25T10:50:23.360528+00:00 PASS view-recovery-bin (489.2s)
2026-09-25T10:50:23.368024+00:00 START timeout-votes-lib
2026-09-25T10:54:27.467954+00:00 PASS timeout-votes-lib (244.1s)
2026-09-25T10:54:27.481582+00:00 START fastpay-committee-lib
2026-09-25T10:58:40.585231+00:00 PASS fastpay-committee-lib (253.1s)
2026-09-25T10:58:40.599117+00:00 START workspace-clippy
2026-09-25T11:00:00.635604+00:00 PASS workspace-clippy (80.0s)
2026-09-25T11:00:00.648196+00:00 START fastpay-types
2026-09-25T11:01:01.678082+00:00 PASS fastpay-types (61.0s)
2026-09-25T11:01:01.686812+00:00 START fastpay-execution
2026-09-25T11:02:24.723500+00:00 PASS fastpay-execution (83.0s)
2026-09-25T11:02:24.736601+00:00 START cobalt-handoff-tests
2026-09-25T11:06:32.838175+00:00 PASS cobalt-handoff-tests (248.1s)
2026-09-25T11:06:32.851484+00:00 START live-replay-supply
2026-09-25T11:10:35.952103+00:00 PASS live-replay-supply (243.1s)
2026-09-25T11:10:35.967174+00:00 START warm-latency
2026-09-25T11:15:36.107617+00:00 TIMEOUT warm-latency (300.1s)
2026-09-25T11:15:36.121084+00:00 START node-fastpay
2026-09-25T11:19:54.227321+00:00 PASS node-fastpay (258.1s)
