Running sp1-gpu-server 6.3.1 with device 0
egress witness executed: 74565050 cycles in 3326 ms
Setting environment variables took 39.479µs
Reading R1CS took 18.631617228s
Reading proving key took 3.729043624s
Reading witness file took 1.590927ms
Deserializing JSON data took 23.108759ms
Generating witness took 797.661107ms
[90m14:01:55[0m DBG constraint system solver done [36mnbConstraints=[0m15972262 [36mtook=[0m13938.312747
[90m14:02:31[0m DBG prover done [36macceleration=[0mnone [36mbackend=[0mgroth16 [36mcurve=[0mbn254 [36mnbConstraints=[0m15972262 [36mtook=[0m36528.820588
Generating proof took 50.467805799s
[90m14:02:31[0m [33mWRN[0m [1mignoring uninitialized slice[0m [36mslice name=[0mVars [36mslice type=[0m[]frontend.Variable
[90m14:02:31[0m [33mWRN[0m [1mignoring uninitialized slice[0m [36mslice name=[0mVars [36mslice type=[0m[]frontend.Variable
[90m14:02:31[0m [33mWRN[0m [1mignoring uninitialized slice[0m [36mslice name=[0mVars [36mslice type=[0m[]frontend.Variable
[90m14:02:31[0m DBG verifier done [36mbackend=[0mgroth16 [36mcurve=[0mbn254 [36mtook=[0m3.17295
verified Groth16 proof; vkey 0x007a22f1b8a47814a027ee0af8086a6f5f6ae4af0530dc7ffb2acac2da617834
	Command being timed: "/workspace/postfiatl1v2/tools/pfusdc-tier4-prover/target/release/pfusdc-tier4-prover egress --witness /workspace/live-latency/run2-egress-witness.json --output-dir /workspace/live-latency/run2-egress-proof --prove"
	User time (seconds): 4.04
	System time (seconds): 0.79
	Percent of CPU this job got: 3%
	Elapsed (wall clock) time (h:mm:ss or m:ss): 2:10.14
	Average shared text size (kbytes): 0
	Average unshared data size (kbytes): 0
	Average stack size (kbytes): 0
	Average total size (kbytes): 0
	Maximum resident set size (kbytes): 412236
	Average resident set size (kbytes): 0
	Major (requiring I/O) page faults: 74551
	Minor (reclaiming a frame) page faults: 105328
	Voluntary context switches: 1728
	Involuntary context switches: 18
	Swaps: 0
	File system inputs: 0
	File system outputs: 48
	Socket messages sent: 0
	Socket messages received: 0
	Signals delivered: 0
	Page size (bytes): 4096
	Exit status: 0
