{
  "chain_id": "postfiat-wan-devnet-2",
  "genesis_hash": "ce22ca8c932da0998b484483a09647138a30e0bf44408dd49a8d6d452787ad25521aff3ed334da07e150a7233a3e90a9",
  "protocol_version": 1,
  "rpc_schema": "postfiat-local-rpc-v1",
  "build_git_revision": "f60e9639",
  "build_profile": "release",
  "active_nav_profiles": [
    {
      "asset_id": "02c46a36eb0da3516b4d8affea8f4028ad3f36825a3e8f0e009ea9dbbbcfb3c233f6830bd5221fe2717fb6a1a7005d7b",
      "profile_id": "e0bc0d58e1a53fa6061f3618fb11bad2e7ccf17d04570957a52212864773419f3300440bf5f3cdfc8fb36ed6b45d28c5",
      "verifier_kind": "sp1-groth16",
      "source_class": "vault_bridge:erc20_bridge_vault:1:0xe7a432a28b20621a70e845c7f202004cf98e7a2c:0xa0b86991c6218b36c1d19d4a2e9eb0ce3606eb48",
      "max_snapshot_age_blocks": 900,
      "challenge_window_blocks": 64,
      "max_epoch_gap_blocks": 128,
      "settle_deadline_blocks": 256,
      "min_attestations": 0,
      "tolerance_bp": 10,
      "bridge_observer_min_confirmations": 0,
      "valuation_policy_hash": "44a402a3df72ee8da6f23737becef04fd0ce55e683706e929606a6aea1f05b25",
      "finalized_epoch": 53,
      "nav_per_unit": 1000000,
      "finalized_reserve_packet_hash": "693350a342f7e8936db7a7034b29f1cb188e001a4a8ebdea18d8510c267c2608b02debe946332453a5a5984da58b7a15",
      "halted": false
    },
    {
      "asset_id": "300bf48a63a94770b6e67817f88cd1abf77e7f592a061e15682d7fd9973260af4c2e631e32df3c2c402b7d2fe272a293",
      "profile_id": "f0318291c1251067c92f6360830acadf0a02f865f62c85af387dfb28bdff7edd555deadf9e253351f729d253ea76aae0",
      "verifier_kind": "multi-fetch-quorum",
      "source_class": "stakehub-six-leg-reserves",
      "max_snapshot_age_blocks": 1000,
      "challenge_window_blocks": 0,
      "max_epoch_gap_blocks": 1000,
      "settle_deadline_blocks": 0,
      "min_attestations": 1,
      "tolerance_bp": 1,
      "bridge_observer_min_confirmations": 0,
      "valuation_policy_hash": "0fd0e36b67e74daab6dd83ded52d966a10401eb3691607efab87fb17e28d3023e469d16c63ed393ece900aec34e545b8",
      "finalized_epoch": 2,
      "nav_per_unit": 155261103440,
      "finalized_reserve_packet_hash": "42350a5a771dc157ba4d4d22e3674bc1cb8d6edcae474028da803619c4869a1d30c6e71f42af2becb2233a24bca16d7a",
      "halted": false
    },
    {
      "asset_id": "42cb574dcf156f906ce424f8555eac83c7dde33e48c44f4ef6307df705edfe036f69b1d437e8b7c630dd325684965a0c",
      "profile_id": "91d275ce035df216745177ea3e06030e635068ed4a4b4b1de4c90f59d02ce50200a59d39ed69c0310a495c275ac58d98",
      "verifier_kind": "ledger-transparent",
      "source_class": "ledger",
      "max_snapshot_age_blocks": 1000,
      "challenge_window_blocks": 0,
      "max_epoch_gap_blocks": 1000,
      "settle_deadline_blocks": 0,
      "min_attestations": 0,
      "tolerance_bp": 0,
      "bridge_observer_min_confirmations": 0,
      "valuation_policy_hash": "",
      "finalized_epoch": 2,
      "nav_per_unit": 820000000,
      "finalized_reserve_packet_hash": "0c4cda859f852ff30001bdbbcda50451ffb92339f6edd9b1d4a045db142c1cca387ba5fbbd20e62ab49f4441790d539a",
      "halted": true
    },
    {
      "asset_id": "4b8dd69b1f1ee425ae84d17f2fc2fe3630d904c4c356b0ff2df0e00c20109e6346d765ca4c0407ddb08edcb6525d5cc1",
      "profile_id": "0b49677df00cc084f49b6c5660e54f9dbf69358d52226ec27bfe314434b16d75d61922d58e4015ab967fa15db4d6eec7",
      "verifier_kind": "multi-fetch-quorum",
      "source_class": "vault_bridge:erc20_bridge_vault:2018:0xf67bb1bd430c5207ef6b8b38d33f403192c95f7a:0xadc2e8b500b2605739e9f40d0951bd40f7135e3f",
      "max_snapshot_age_blocks": 100,
      "challenge_window_blocks": 1,
      "max_epoch_gap_blocks": 100,
      "settle_deadline_blocks": 100,
      "min_attestations": 1,
      "tolerance_bp": 0,
      "bridge_observer_min_confirmations": 1,
      "valuation_policy_hash": "7b904b60f94038d961bfb4ec3d9adfbf336f814cd78b5ad947b525364030b2a36d5a7098bdfdba056fbfb9d4cbc47ee4",
      "finalized_epoch": 0,
      "nav_per_unit": 0,
      "finalized_reserve_packet_hash": "",
      "halted": false
    },
    {
      "asset_id": "521c6c630bb48d4a37ab4a7bd4900dd2caa2d9e99499e452da3c7ce75b3d74b62d20e18555642bec32174498cbee5e2c",
      "profile_id": "a94a392926967722b2cceb88b19c4108726381f5b184007185a27e91f3e27c63dcc713a28f6cc4cf765826564e2b5f52",
      "verifier_kind": "sp1-groth16",
      "source_class": "stakehub-six-leg-reserves-v3",
      "max_snapshot_age_blocks": 900,
      "challenge_window_blocks": 1,
      "max_epoch_gap_blocks": 128,
      "settle_deadline_blocks": 256,
      "min_attestations": 0,
      "tolerance_bp": 0,
      "bridge_observer_min_confirmations": 0,
      "valuation_policy_hash": "076c071e44127158ef82350e7feeb64e0be0a06bf8ba4be5f0374ac36b992ac7",
      "finalized_epoch": 8,
      "nav_per_unit": 103523693,
      "finalized_reserve_packet_hash": "f670ad00bfdcf838a5d551988a2f750bd118deae03ea8042a2ff3879bc2fd7d3664c22a87ff40e8aab2260b17685ac96",
      "halted": false
    },
    {
      "asset_id": "629f1ba8f36963662d6e36243aea85627787cd72d41a9e92c5f01b60e3e68c1b951af771d16780bf13c4036b8d2a4996",
      "profile_id": "5865db3c8276465797027dacfe2e15cfe773ae48582f62d3674c273b06aa9b975627c7becca33ebebf8fe935fe4b0708",
      "verifier_kind": "sp1-groth16",
      "source_class": "vault_bridge:erc20_bridge_vault:1:0x40187922ab0761c11e50bb971cc5a8c77164bec4:0xc02aaa39b223fe8d0a0e5c4f27ead9083c756cc2",
      "max_snapshot_age_blocks": 900,
      "challenge_window_blocks": 64,
      "max_epoch_gap_blocks": 128,
      "settle_deadline_blocks": 256,
      "min_attestations": 0,
      "tolerance_bp": 0,
      "bridge_observer_min_confirmations": 0,
      "valuation_policy_hash": "02d83d20d6b523d1d047a2d6343704cf11b89ebc0428282db2bed001a5595764",
      "finalized_epoch": 5,
      "nav_per_unit": 1000000,
      "finalized_reserve_packet_hash": "ebf3f896961c6da8195475654ff6fa017491f73880178321b44117408eaf496ddf21f1211ea0f2fe2eca3dd1f3b6fc99",
      "halted": false
    },
    {
      "asset_id": "de8d3d78aca83f7000632cbd3dd06edd30d105085d16eef1696f9e1707908ec9209239080d21ca1c0cecc36ca6f966b6",
      "profile_id": "f0318291c1251067c92f6360830acadf0a02f865f62c85af387dfb28bdff7edd555deadf9e253351f729d253ea76aae0",
      "verifier_kind": "multi-fetch-quorum",
      "source_class": "stakehub-six-leg-reserves",
      "max_snapshot_age_blocks": 1000,
      "challenge_window_blocks": 0,
      "max_epoch_gap_blocks": 1000,
      "settle_deadline_blocks": 0,
      "min_attestations": 1,
      "tolerance_bp": 1,
      "bridge_observer_min_confirmations": 0,
      "valuation_policy_hash": "0fd0e36b67e74daab6dd83ded52d966a10401eb3691607efab87fb17e28d3023e469d16c63ed393ece900aec34e545b8",
      "finalized_epoch": 3,
      "nav_per_unit": 1000000,
      "finalized_reserve_packet_hash": "bedd17cb1114053e0b9d79ae1b24fba103e63519cf20a8e8cef23852f5ed9f95a0cb0e8ee4096bf9c81806524bead347",
      "halted": false
    }
  ],
  "deployment_manifest_verified": false,
  "validator_count": 6,
  "node_id": "validator-1",
  "status": "running",
  "last_run_unix": 1790307688,
  "state_root": "ba7cc0125d5503bdbc76ba4ab11a0199036e8232f4aa75e5a6f52eba306fab561547f1ae2ef6dc7e31cf47c44f3bd330",
  "block_height": 1036,
  "block_tip_hash": "4d04d29027e8988712f6de07ec07dfbd8a8a4a650661bb0b31521454ee4b66d727d5b052ed5edb48977ed55c9c4b3d67",
  "mempool_pending": 0,
  "storage": {
    "schema": "postfiat-storage-status-v1",
    "storage_format": "postfiat-redb-v1",
    "storage_schema": "postfiat-transactional-store-v1",
    "backend": "redb",
    "backend_version": "4.2.0",
    "generation": "generation-00000001",
    "commitment_version": "postfiat.replicated_state.v2",
    "scheduled_activation_height": 930,
    "transactional_active": true,
    "finalized_height": 1036,
    "finalized_block_hash": "4d04d29027e8988712f6de07ec07dfbd8a8a4a650661bb0b31521454ee4b66d727d5b052ed5edb48977ed55c9c4b3d67",
    "finalized_state_root": "ba7cc0125d5503bdbc76ba4ab11a0199036e8232f4aa75e5a6f52eba306fab561547f1ae2ef6dc7e31cf47c44f3bd330",
    "ordered_batch_count": 1036,
    "ordered_history_accumulator": "d0e4bd8af58942b5016ce1648ae3cdfb6a1cd70f58216a699c3c25a7c61c10ba529cec6e96b3e15c236c4aa19276490a",
    "last_full_verification_height": 1036,
    "last_rebuild_height": 1036,
    "migration_packet_root": "f05fd3d2375db425fa1661013ec185dac1823ca203cd632c4941d3cacfa0272de6343bcde3c559b4ba7b71de27e52b9c",
    "read_transactions": 2,
    "write_transactions": 0,
    "committed_write_transactions": 0,
    "records_read": 2,
    "records_written": 0,
    "bytes_read": 2290,
    "bytes_written": 0,
    "pages_read": 2,
    "pages_written": 0,
    "full_history_scans": 0,
    "full_history_records_read": 0,
    "full_history_bytes_read": 0,
    "fsync_count": 0,
    "durable_commit_micros": 0,
    "integrity_status": "full_verification_current",
    "reason_code": null
  }
}
